[    0.000000] Initializing cgroup subsys cpuset
[    0.000000] Initializing cgroup subsys cpu
[    0.000000] Initializing cgroup subsys cpuacct
[    0.000000] Linux version 4.4.0-210-generic (buildd@lgw01-amd64-009) (gcc version 5.4.0 20160609 (Ubuntu 5.4.0-6ubuntu1~16.04.12) ) #242-Ubuntu SMP Fri Apr 16 09:57:56 UTC 2021 (Ubuntu 4.4.0-210.242-generic 4.4.262)
[    0.000000] Command line: BOOT_IMAGE=/boot/vmlinuz-4.4.0-210-generic root=LABEL=cloudimg-rootfs ro console=tty1 console=ttyS0
[    0.000000] KERNEL supported cpus:
[    0.000000]   Intel GenuineIntel
[    0.000000]   AMD AuthenticAMD
[    0.000000]   Centaur CentaurHauls
[    0.000000] x86/fpu: xstate_offset[2]:  576, xstate_sizes[2]:  256
[    0.000000] x86/fpu: Supporting XSAVE feature 0x01: 'x87 floating point registers'
[    0.000000] x86/fpu: Supporting XSAVE feature 0x02: 'SSE registers'
[    0.000000] x86/fpu: Supporting XSAVE feature 0x04: 'AVX registers'
[    0.000000] x86/fpu: Enabled xstate features 0x7, context size is 832 bytes, using 'standard' format.
[    0.000000] e820: BIOS-provided physical RAM map:
[    0.000000] BIOS-e820: [mem 0x0000000000000000-0x000000000009fbff] usable
[    0.000000] BIOS-e820: [mem 0x000000000009fc00-0x000000000009ffff] reserved
[    0.000000] BIOS-e820: [mem 0x00000000000f0000-0x00000000000fffff] reserved
[    0.000000] BIOS-e820: [mem 0x0000000000100000-0x00000000dffeffff] usable
[    0.000000] BIOS-e820: [mem 0x00000000dfff0000-0x00000000dfffffff] ACPI data
[    0.000000] BIOS-e820: [mem 0x00000000fec00000-0x00000000fec00fff] reserved
[    0.000000] BIOS-e820: [mem 0x00000000fee00000-0x00000000fee00fff] reserved
[    0.000000] BIOS-e820: [mem 0x00000000fffc0000-0x00000000ffffffff] reserved
[    0.000000] BIOS-e820: [mem 0x0000000100000000-0x000000021fffffff] usable
[    0.000000] NX (Execute Disable) protection: active
[    0.000000] SMBIOS 2.5 present.
[    0.000000] Hypervisor detected: KVM
[    0.000000] e820: last_pfn = 0x220000 max_arch_pfn = 0x400000000
[    0.000000] MTRR: Disabled
[    0.000000] x86/PAT: MTRRs disabled, skipping PAT initialization too.
[    0.000000] CPU MTRRs all blank - virtualized system.
[    0.000000] x86/PAT: Configuration [0-7]: WB  WT  UC- UC  WB  WT  UC- UC  
[    0.000000] e820: last_pfn = 0xdfff0 max_arch_pfn = 0x400000000
[    0.000000] found SMP MP-table at [mem 0x0009fff0-0x0009ffff] mapped at [ffff88000009fff0]
[    0.000000] Scanning 1 areas for low memory corruption
[    0.000000] RAMDISK: [mem 0x362dc000-0x37165fff]
[    0.000000] ACPI: Early table checksum verification disabled
[    0.000000] ACPI: RSDP 0x00000000000E0000 000024 (v02 VBOX  )
[    0.000000] ACPI: XSDT 0x00000000DFFF0030 00003C (v01 VBOX   VBOXXSDT 00000001 ASL  00000061)
[    0.000000] ACPI: FACP 0x00000000DFFF00F0 0000F4 (v04 VBOX   VBOXFACP 00000001 ASL  00000061)
[    0.000000] ACPI: DSDT 0x00000000DFFF0620 002353 (v02 VBOX   VBOXBIOS 00000002 INTL 20200925)
[    0.000000] ACPI: FACS 0x00000000DFFF0200 000040
[    0.000000] ACPI: FACS 0x00000000DFFF0200 000040
[    0.000000] ACPI: APIC 0x00000000DFFF0240 00006C (v02 VBOX   VBOXAPIC 00000001 ASL  00000061)
[    0.000000] ACPI: SSDT 0x00000000DFFF02B0 00036C (v01 VBOX   VBOXCPUT 00000002 INTL 20200925)
[    0.000000] No NUMA configuration found
[    0.000000] Faking a node at [mem 0x0000000000000000-0x000000021fffffff]
[    0.000000] NODE_DATA(0) allocated [mem 0x21fff5000-0x21fff9fff]
[    0.000000] kvm-clock: Using msrs 4b564d01 and 4b564d00
[    0.000000] kvm-clock: cpu 0, msr 2:1ffed001, primary cpu clock
[    0.000000] kvm-clock: using sched offset of 2872108284 cycles
[    0.000000] clocksource: kvm-clock: mask: 0xffffffffffffffff max_cycles: 0x1cd42e4dffb, max_idle_ns: 881590591483 ns
[    0.000000] Zone ranges:
[    0.000000]   DMA      [mem 0x0000000000001000-0x0000000000ffffff]
[    0.000000]   DMA32    [mem 0x0000000001000000-0x00000000ffffffff]
[    0.000000]   Normal   [mem 0x0000000100000000-0x000000021fffffff]
[    0.000000]   Device   empty
[    0.000000] Movable zone start for each node
[    0.000000] Early memory node ranges
[    0.000000]   node   0: [mem 0x0000000000001000-0x000000000009efff]
[    0.000000]   node   0: [mem 0x0000000000100000-0x00000000dffeffff]
[    0.000000]   node   0: [mem 0x0000000100000000-0x000000021fffffff]
[    0.000000] Initmem setup node 0 [mem 0x0000000000001000-0x000000021fffffff]
[    0.000000] ACPI: PM-Timer IO Port: 0x4008
[    0.000000] IOAPIC[0]: apic_id 4, version 32, address 0xfec00000, GSI 0-23
[    0.000000] ACPI: INT_SRC_OVR (bus 0 bus_irq 0 global_irq 2 dfl dfl)
[    0.000000] ACPI: INT_SRC_OVR (bus 0 bus_irq 9 global_irq 9 low level)
[    0.000000] Using ACPI (MADT) for SMP configuration information
[    0.000000] smpboot: Allowing 4 CPUs, 0 hotplug CPUs
[    0.000000] PM: Registered nosave memory: [mem 0x00000000-0x00000fff]
[    0.000000] PM: Registered nosave memory: [mem 0x0009f000-0x0009ffff]
[    0.000000] PM: Registered nosave memory: [mem 0x000a0000-0x000effff]
[    0.000000] PM: Registered nosave memory: [mem 0x000f0000-0x000fffff]
[    0.000000] PM: Registered nosave memory: [mem 0xdfff0000-0xdfffffff]
[    0.000000] PM: Registered nosave memory: [mem 0xe0000000-0xfebfffff]
[    0.000000] PM: Registered nosave memory: [mem 0xfec00000-0xfec00fff]
[    0.000000] PM: Registered nosave memory: [mem 0xfec01000-0xfedfffff]
[    0.000000] PM: Registered nosave memory: [mem 0xfee00000-0xfee00fff]
[    0.000000] PM: Registered nosave memory: [mem 0xfee01000-0xfffbffff]
[    0.000000] PM: Registered nosave memory: [mem 0xfffc0000-0xffffffff]
[    0.000000] e820: [mem 0xe0000000-0xfebfffff] available for PCI devices
[    0.000000] Booting paravirtualized kernel on KVM
[    0.000000] clocksource: refined-jiffies: mask: 0xffffffff max_cycles: 0xffffffff, max_idle_ns: 7645519600211568 ns
[    0.000000] setup_percpu: NR_CPUS:512 nr_cpumask_bits:512 nr_cpu_ids:4 nr_node_ids:1
[    0.000000] PERCPU: Embedded 33 pages/cpu @ffff88021fc00000 s95192 r8192 d31784 u524288
[    0.000000] Built 1 zonelists in Node order, mobility grouping on.  Total pages: 2064248
[    0.000000] Policy zone: Normal
[    0.000000] Kernel command line: BOOT_IMAGE=/boot/vmlinuz-4.4.0-210-generic root=LABEL=cloudimg-rootfs ro console=tty1 console=ttyS0
[    0.000000] PID hash table entries: 4096 (order: 3, 32768 bytes)
[    0.000000] Memory: 8156800K/8388152K available (8644K kernel code, 1332K rwdata, 4044K rodata, 1492K init, 1164K bss, 231352K reserved, 0K cma-reserved)
[    0.000000] SLUB: HWalign=64, Order=0-3, MinObjects=0, CPUs=4, Nodes=1
[    0.000000] Kernel/User page tables isolation: enabled
[    0.000000] Hierarchical RCU implementation.
[    0.000000] 	Build-time adjustment of leaf fanout to 64.
[    0.000000] 	RCU restricting CPUs from NR_CPUS=512 to nr_cpu_ids=4.
[    0.000000] RCU: Adjusting geometry for rcu_fanout_leaf=64, nr_cpu_ids=4
[    0.000000] NR_IRQS:33024 nr_irqs:456 16
[    0.000000] Console: colour VGA+ 80x25
[    0.000000] console [tty1] enabled
[    0.000000] console [ttyS0] enabled
[    0.000000] tsc: Detected 2112.014 MHz processor
[    0.141117] Calibrating delay loop (skipped) preset value.. 4224.02 BogoMIPS (lpj=8448056)
[    0.142315] pid_max: default: 32768 minimum: 301
[    0.142984] ACPI: Core revision 20150930
[    0.144378] ACPI: 2 ACPI AML tables successfully acquired and loaded
[    0.145304] Security Framework initialized
[    0.145879] Yama: becoming mindful.
[    0.146461] AppArmor: AppArmor initialized
[    0.147492] Dentry cache hash table entries: 1048576 (order: 11, 8388608 bytes)
[    0.150286] Inode-cache hash table entries: 524288 (order: 10, 4194304 bytes)
[    0.151957] Mount-cache hash table entries: 16384 (order: 5, 131072 bytes)
[    0.152820] Mountpoint-cache hash table entries: 16384 (order: 5, 131072 bytes)
[    0.154250] Initializing cgroup subsys io
[    0.154877] Initializing cgroup subsys memory
[    0.155528] Initializing cgroup subsys devices
[    0.156197] Initializing cgroup subsys freezer
[    0.156888] Initializing cgroup subsys net_cls
[    0.157555] Initializing cgroup subsys perf_event
[    0.158238] Initializing cgroup subsys net_prio
[    0.158902] Initializing cgroup subsys hugetlb
[    0.159545] Initializing cgroup subsys pids
[    0.172482] mce: CPU supports 0 MCE banks
[    0.173121] Last level iTLB entries: 4KB 64, 2MB 8, 4MB 8
[    0.173896] Last level dTLB entries: 4KB 64, 2MB 0, 4MB 0, 1GB 4
[    0.174725] Spectre V1 : Mitigation: usercopy/swapgs barriers and __user pointer sanitization
[    0.176021] Spectre V2 : Mitigation: Full generic retpoline
[    0.176871] Spectre V2 : Spectre v2 / SpectreRSB mitigation: Filling RSB on context switch
[    0.178092] Speculative Store Bypass: Vulnerable
[    0.178790] SRBDS: Unknown: Dependent on hypervisor status
[    0.179615] MDS: Mitigation: Clear CPU buffers
[    0.182481] Freeing SMP alternatives memory: 36K
[    0.187527] ftrace: allocating 32380 entries in 127 pages
[    0.233307] smpboot: APIC(0) Converting physical 0 to logical package 0
[    0.234201] smpboot: Max logical packages: 1
[    0.235037] x2apic enabled
[    0.235739] Switched APIC routing to physical x2apic.
[    0.237424] ..TIMER: vector=0x30 apic1=0 pin1=2 apic2=-1 pin2=-1
[    0.346326] smpboot: CPU0: Intel(R) Core(TM) i5-10210U CPU @ 1.60GHz (family: 0x6, model: 0x8e, stepping: 0xc)
[    0.348116] Performance Events: unsupported p6 CPU model 142 no PMU driver, software events only.
[    0.356821] KVM setup paravirtual spinlock
[    0.358285] x86: Booting SMP configuration:
[    0.358998] .... node  #0, CPUs:      #1
[    0.359837] kvm-clock: cpu 1, msr 2:1ffed041, secondary cpu clock
[    0.373644] mce: CPU supports 0 MCE banks
[    0.376183]  #2
[    0.376694] kvm-clock: cpu 2, msr 2:1ffed081, secondary cpu clock
[    0.390649] mce: CPU supports 0 MCE banks
[    0.393261]  #3
[    0.393794] kvm-clock: cpu 3, msr 2:1ffed0c1, secondary cpu clock
[    0.407755] mce: CPU supports 0 MCE banks
[    0.410290] x86: Booted up 1 node, 4 CPUs
[    0.411192] smpboot: Total of 4 processors activated (16896.11 BogoMIPS)
[    0.412675] devtmpfs: initialized
[    0.415518] evm: security.selinux
[    0.416141] evm: security.SMACK64
[    0.416744] evm: security.SMACK64EXEC
[    0.417396] evm: security.SMACK64TRANSMUTE
[    0.418116] evm: security.SMACK64MMAP
[    0.418798] evm: security.ima
[    0.419367] evm: security.capability
[    0.420128] clocksource: jiffies: mask: 0xffffffff max_cycles: 0xffffffff, max_idle_ns: 7645041785100000 ns
[    0.421691] futex hash table entries: 1024 (order: 4, 65536 bytes)
[    0.422739] pinctrl core: initialized pinctrl subsystem
[    0.423638] RTC time:  2:01:36, date: 11/15/23
[    0.424706] NET: Registered protocol family 16
[    0.434500] cpuidle: using governor ladder
[    0.446322] cpuidle: using governor menu
[    0.447184] PCCT header not found.
[    0.448016] ACPI: bus type PCI registered
[    0.448826] acpiphp: ACPI Hot Plug PCI Controller Driver version: 0.5
[    0.450043] PCI: Using configuration type 1 for base access
[    0.465128] ACPI: Added _OSI(Module Device)
[    0.465987] ACPI: Added _OSI(Processor Device)
[    0.466895] ACPI: Added _OSI(3.0 _SCP Extensions)
[    0.467782] ACPI: Added _OSI(Processor Aggregator Device)
[    0.469488] ACPI: Executed 1 blocks of module-level executable AML code
[    0.472504] ACPI: Interpreter enabled
[    0.473221] ACPI: (supports S0 S5)
[    0.473917] ACPI: Using IOAPIC for interrupt routing
[    0.474987] PCI: Using host bridge windows from ACPI; if necessary, use "pci=nocrs" and report a bug
[    0.480037] ACPI: PCI Root Bridge [PCI0] (domain 0000 [bus 00-ff])
[    0.481195] acpi PNP0A03:00: _OSC: OS supports [ASPM ClockPM Segments MSI]
[    0.482653] acpi PNP0A03:00: _OSC: not requesting OS control; OS requires [ExtendedConfig ASPM ClockPM MSI]
[    0.484414] acpi PNP0A03:00: fail to add MMCONFIG information, can't access extended PCI configuration space under this bridge.
[    0.497070] PCI host bridge to bus 0000:00
[    0.497794] pci_bus 0000:00: root bus resource [io  0x0000-0x0cf7 window]
[    0.498847] pci_bus 0000:00: root bus resource [io  0x0d00-0xffff window]
[    0.499943] pci_bus 0000:00: root bus resource [mem 0x000a0000-0x000bffff window]
[    0.501299] pci_bus 0000:00: root bus resource [mem 0xe0000000-0xfdffffff window]
[    0.502670] pci_bus 0000:00: root bus resource [bus 00-ff]
[    0.504920] pci 0000:00:01.1: legacy IDE quirk: reg 0x10: [io  0x01f0-0x01f7]
[    0.506226] pci 0000:00:01.1: legacy IDE quirk: reg 0x14: [io  0x03f6]
[    0.507251] pci 0000:00:01.1: legacy IDE quirk: reg 0x18: [io  0x0170-0x0177]
[    0.508357] pci 0000:00:01.1: legacy IDE quirk: reg 0x1c: [io  0x0376]
[    0.567606] pci 0000:00:07.0: quirk: [io  0x4000-0x403f] claimed by PIIX4 ACPI
[    0.568868] pci 0000:00:07.0: quirk: [io  0x4100-0x410f] claimed by PIIX4 SMB
[    0.607985] ACPI: PCI Interrupt Link [LNKA] (IRQs 5 9 10 *11)
[    0.609430] ACPI: PCI Interrupt Link [LNKB] (IRQs 5 9 *10 11)
[    0.610714] ACPI: PCI Interrupt Link [LNKC] (IRQs 5 *9 10 11)
[    0.611955] ACPI: PCI Interrupt Link [LNKD] (IRQs 5 9 10 *11)
[    0.613419] ACPI: Enabled 2 GPEs in block 00 to 07
[    0.614445] vgaarb: setting as boot device: PCI:0000:00:02.0
[    0.615254] vgaarb: device added: PCI:0000:00:02.0,decodes=io+mem,owns=io+mem,locks=none
[    0.616540] vgaarb: loaded
[    0.617163] vgaarb: bridge control possible 0000:00:02.0
[    0.618235] SCSI subsystem initialized
[    0.619029] ACPI: bus type USB registered
[    0.619795] usbcore: registered new interface driver usbfs
[    0.620735] usbcore: registered new interface driver hub
[    0.621764] usbcore: registered new device driver usb
[    0.622838] PCI: Using ACPI for IRQ routing
[    0.623783] NetLabel: Initializing
[    0.624415] NetLabel:  domain hash size = 128
[    0.625090] NetLabel:  protocols = UNLABELED CIPSOv4
[    0.625860] NetLabel:  unlabeled traffic allowed by default
[    0.626908] amd_nb: Cannot enumerate AMD northbridges
[    0.627837] clocksource: Switched to clocksource kvm-clock
[    0.633639] AppArmor: AppArmor Filesystem Enabled
[    0.634500] pnp: PnP ACPI init
[    0.635671] pnp: PnP ACPI: found 3 devices
[    0.644303] clocksource: acpi_pm: mask: 0xffffff max_cycles: 0xffffff, max_idle_ns: 2085701024 ns
[    0.645739] NET: Registered protocol family 2
[    0.646717] TCP established hash table entries: 65536 (order: 7, 524288 bytes)
[    0.648022] TCP bind hash table entries: 65536 (order: 8, 1048576 bytes)
[    0.649050] TCP: Hash tables configured (established 65536 bind 65536)
[    0.650024] UDP hash table entries: 4096 (order: 5, 131072 bytes)
[    0.650957] UDP-Lite hash table entries: 4096 (order: 5, 131072 bytes)
[    0.651931] NET: Registered protocol family 1
[    0.652652] pci 0000:00:00.0: Limiting direct PCI/PCI transfers
[    0.653567] pci 0000:00:01.0: Activating ISA DMA hang workarounds
[    0.654706] Unpacking initramfs...
[    0.839224] Freeing initrd memory: 14888K
[    0.839974] PCI-DMA: Using software bounce buffering for IO (SWIOTLB)
[    0.840867] software IO TLB: mapped [mem 0xdbff0000-0xdfff0000] (64MB)
[    0.841839] clocksource: tsc: mask: 0xffffffffffffffff max_cycles: 0x1e7185b7ee7, max_idle_ns: 440795263912 ns
[    0.843241] platform rtc_cmos: registered platform RTC device (no PNP device found)
[    0.844377] Scanning for low memory corruption every 60 seconds
[    0.845626] audit: initializing netlink subsys (disabled)
[    0.846330] audit: type=2000 audit(1700013701.401:1): initialized
[    0.847299] Initialise system trusted keyring
[    0.848114] HugeTLB registered 2 MB page size, pre-allocated 0 pages
[    0.849884] zbud: loaded
[    0.850650] VFS: Disk quotas dquot_6.6.0
[    0.851246] VFS: Dquot-cache hash table entries: 512 (order 0, 4096 bytes)
[    0.852274] squashfs: version 4.0 (2009/01/31) Phillip Lougher
[    0.853326] fuse init (API version 7.23)
[    0.854082] Key type big_key registered
[    0.854685] Allocating IMA MOK and blacklist keyrings.
[    0.856640] Key type asymmetric registered
[    0.857269] Asymmetric key parser 'x509' registered
[    0.857950] Block layer SCSI generic (bsg) driver version 0.4 loaded (major 249)
[    0.859018] io scheduler noop registered
[    0.859629] io scheduler deadline registered (default)
[    0.860582] io scheduler cfq registered
[    0.861316] pci_hotplug: PCI Hot Plug PCI Core version: 0.5
[    0.862197] pciehp: PCI Express Hot Plug Controller Driver version: 0.4
[    0.863284] ACPI: AC Adapter [AC] (on-line)
[    0.864037] input: Power Button as /devices/LNXSYSTM:00/LNXPWRBN:00/input/input0
[    0.865286] ACPI: Power Button [PWRF]
[    0.865979] input: Sleep Button as /devices/LNXSYSTM:00/LNXSLPBN:00/input/input1
[    0.867289] ACPI: Sleep Button [SLPF]
[    0.868166] GHES: HEST is not enabled!
[    0.868625] ACPI: Battery Slot [BAT0] (battery present)
[    0.869769] Serial: 8250/16550 driver, 32 ports, IRQ sharing enabled
[    0.891057] 00:02: ttyS0 at I/O 0x3f8 (irq = 4, base_baud = 115200) is a 16550A
[    0.894253] Linux agpgart interface v0.103
[    0.896979] loop: module loaded
[    0.898015] scsi host0: ata_piix
[    0.898746] scsi host1: ata_piix
[    0.899366] ata1: PATA max UDMA/33 cmd 0x1f0 ctl 0x3f6 bmdma 0xd000 irq 14
[    0.900447] ata2: PATA max UDMA/33 cmd 0x170 ctl 0x376 bmdma 0xd008 irq 15
[    0.901537] libphy: Fixed MDIO Bus: probed
[    0.902261] tun: Universal TUN/TAP device driver, 1.6
[    0.903053] tun: (C) 1999-2004 Max Krasnyansky <maxk@qualcomm.com>
[    0.904143] PPP generic driver version 2.4.2
[    0.904945] ehci_hcd: USB 2.0 'Enhanced' Host Controller (EHCI) Driver
[    0.905932] ehci-pci: EHCI PCI platform driver
[    0.906656] ehci-platform: EHCI generic platform driver
[    0.907544] ohci_hcd: USB 1.1 'Open' Host Controller (OHCI) Driver
[    0.908568] ohci-pci: OHCI PCI platform driver
[    0.909297] ohci-platform: OHCI generic platform driver
[    0.910116] uhci_hcd: USB Universal Host Controller Interface driver
[    0.911105] i8042: PNP: PS/2 Controller [PNP0303:PS2K,PNP0f03:PS2M] at 0x60,0x64 irq 1,12
[    0.912882] serio: i8042 KBD port at 0x60,0x64 irq 1
[    0.913690] serio: i8042 AUX port at 0x60,0x64 irq 12
[    0.914705] mousedev: PS/2 mouse device common for all mice
[    0.915932] input: AT Translated Set 2 keyboard as /devices/platform/i8042/serio0/input/input2
[    0.917743] rtc_cmos rtc_cmos: rtc core: registered rtc_cmos as rtc0
[    0.918777] rtc_cmos rtc_cmos: alarms up to one day, 114 bytes nvram
[    0.919754] i2c /dev entries driver
[    0.920521] device-mapper: uevent: version 1.0.3
[    0.921378] device-mapper: ioctl: 4.34.0-ioctl (2015-10-28) initialised: dm-devel@redhat.com
[    0.922740] ledtrig-cpu: registered to indicate activity on CPUs
[    0.924042] NET: Registered protocol family 10
[    0.925009] NET: Registered protocol family 17
[    0.925777] Key type dns_resolver registered
[    0.927093] registered taskstats version 1
[    0.927805] Loading compiled-in X.509 certificates
[    0.929050] Loaded X.509 cert 'Build time autogenerated kernel key: cf00e047681d67edb2720680708b7d9498083038'
[    0.930648] zswap: loaded using pool lzo/zbud
[    0.933240] Key type trusted registered
[    0.936458] Key type encrypted registered
[    0.937152] AppArmor: AppArmor sha1 policy hashing enabled
[    0.938176] ima: No TPM chip found, activating TPM-bypass!
[    0.939069] ima: Allocated hash algorithm: sha1
[    0.939839] evm: HMAC attrs: 0x1
[    0.940906]   Magic number: 15:328:5
[    0.941680] rtc_cmos rtc_cmos: setting system clock to 2023-11-15 02:01:36 UTC (1700013696)
[    0.943251] BIOS EDD facility v0.16 2004-Jun-25, 0 devices found
[    0.944200] EDD information not available.
[    1.079212] Freeing unused kernel memory: 1492K
[    1.080212] Write protecting the kernel read-only data: 14336k
[    1.081792] Freeing unused kernel memory: 1584K
[    1.082858] Freeing unused kernel memory: 52K
Loading, please wait...
starting version 229
[    1.094921] random: systemd-udevd: uninitialized urandom read (16 bytes read, 3 bits of entropy available)
[    1.095891] random: udevadm: uninitialized urandom read (16 bytes read, 3 bits of entropy available)
[    1.095974] random: udevadm: uninitialized urandom read (16 bytes read, 3 bits of entropy available)
[    1.101289] random: systemd-udevd: uninitialized urandom read (16 bytes read, 3 bits of entropy available)
[    1.103412] random: systemd-udevd: uninitialized urandom read (16 bytes read, 3 bits of entropy available)
[    1.103959] random: udevadm: uninitialized urandom read (16 bytes read, 3 bits of entropy available)
[    1.104017] random: udevadm: uninitialized urandom read (16 bytes read, 3 bits of entropy available)
[    1.104327] random: udevadm: uninitialized urandom read (16 bytes read, 3 bits of entropy available)
[    1.104398] random: udevadm: uninitialized urandom read (16 bytes read, 3 bits of entropy available)
[    1.104466] random: udevadm: uninitialized urandom read (16 bytes read, 3 bits of entropy available)
[    1.140027] e1000: Intel(R) PRO/1000 Network Driver - version 7.3.21-k8-NAPI
[    1.141656] e1000: Copyright (c) 1999-2006 Intel Corporation.
[    1.153639] AVX2 version of gcm_enc/dec engaged.
[    1.154932] AES CTR mode by8 optimization enabled
[    1.158597] Fusion MPT base driver 3.04.20
[    1.159674] Copyright (c) 1999-2008 LSI Corporation
[    1.165575] Fusion MPT SPI Host driver 3.04.20
[    1.440849] input: ImExPS/2 Generic Explorer Mouse as /devices/platform/i8042/serio1/input/input4
[    2.129057] e1000 0000:00:03.0 eth0: (PCI:33MHz:32-bit) 02:be:82:6b:cc:1d
[    2.130160] e1000 0000:00:03.0 eth0: Intel(R) PRO/1000 Network Connection
[    2.654444] e1000 0000:00:08.0 eth1: (PCI:33MHz:32-bit) 08:00:27:a6:8e:7a
[    2.666390] e1000 0000:00:08.0 eth1: Intel(R) PRO/1000 Network Connection
[    2.668565] mptbase: ioc0: Initiating bringup
[    2.668797] e1000 0000:00:03.0 enp0s3: renamed from eth0
[    2.680141] e1000 0000:00:08.0 enp0s8: renamed from eth1
[    2.740108] ioc0: LSI53C1030 A0: Capabilities={Initiator}
[    2.906113] scsi host2: ioc0: LSI53C1030 A0, FwRev=00000000h, Ports=1, MaxQ=256, IRQ=20
[    3.022250] scsi 2:0:0:0: Direct-Access     VBOX     HARDDISK         1.0  PQ: 0 ANSI: 5
[    3.027290] scsi target2:0:0: Beginning Domain Validation
[    3.034109] scsi target2:0:0: Domain Validation skipping write tests
[    3.037050] scsi target2:0:0: Ending Domain Validation
[    3.039679] scsi target2:0:0: asynchronous
[    3.043931] scsi 2:0:1:0: Direct-Access     VBOX     HARDDISK         1.0  PQ: 0 ANSI: 5
[    3.047880] scsi target2:0:1: Beginning Domain Validation
[    3.054042] scsi target2:0:1: Domain Validation skipping write tests
[    3.056877] scsi target2:0:1: Ending Domain Validation
[    3.059012] scsi target2:0:1: asynchronous
[    3.069901] sd 2:0:0:0: Attached scsi generic sg0 type 0
[    3.071564] sd 2:0:0:0: [sda] 83886080 512-byte logical blocks: (42.9 GB/40.0 GiB)
[    3.071818] sd 2:0:1:0: [sdb] 20480 512-byte logical blocks: (10.5 MB/10.0 MiB)
[    3.072209] sd 2:0:1:0: [sdb] Write Protect is off
[    3.072356] sd 2:0:1:0: [sdb] Incomplete mode parameter data
[    3.072358] sd 2:0:1:0: [sdb] Assuming drive cache: write through
[    3.073595] sd 2:0:1:0: Attached scsi generic sg1 type 0
[    3.079971] sd 2:0:0:0: [sda] Write Protect is off
[    3.080998] sd 2:0:0:0: [sda] Incomplete mode parameter data
[    3.082059] sd 2:0:0:0: [sda] Assuming drive cache: write through
[    3.082690] sd 2:0:1:0: [sdb] Attached SCSI disk
[    3.085006]  sda: sda1
[    3.086212] sd 2:0:0:0: [sda] Attached SCSI disk
Begin: Loading essential drivers ... [    4.379686] md: linear personality registered for level -1
[    4.382535] md: multipath personality registered for level -4
[    4.385310] md: raid0 personality registered for level 0
[    4.389372] md: raid1 personality registered for level 1
[    4.459893] raid6: sse2x1   gen() 12020 MB/s
[    4.527915] raid6: sse2x1   xor()  8095 MB/s
[    4.595900] raid6: sse2x2   gen() 15798 MB/s
[    4.663913] raid6: sse2x2   xor()  9749 MB/s
[    4.731901] raid6: sse2x4   gen() 15791 MB/s
[    4.799900] raid6: sse2x4   xor()  9619 MB/s
[    4.867898] raid6: avx2x1   gen() 19168 MB/s
[    4.935897] raid6: avx2x2   gen() 27848 MB/s
[    5.003913] raid6: avx2x4   gen() 30888 MB/s
[    5.004619] raid6: using algorithm avx2x4 gen() 30888 MB/s
[    5.005462] raid6: using avx2x2 recovery algorithm
[    5.007199] xor: automatically using best checksumming function:
[    5.091646]    avx       : 102097.000 MB/sec
[    5.093294] async_tx: api initialized (async)
[    5.101309] md: raid6 personality registered for level 6
[    5.102326] md: raid5 personality registered for level 5
[    5.103072] md: raid4 personality registered for level 4
[    5.109291] md: raid10 personality registered for level 10
done.
Begin: Running /scripts/init-premount ... done.
Begin: Mounting root file system ... Begin: Running /scripts/local-top ... done.
Begin: Running /scripts/local-premount ... [    5.134317] Btrfs loaded
Scanning for Btrfs filesystems
done.
Warning: fsck not present, so skipping root file system
[    5.165143] EXT4-fs (sda1): mounted filesystem with ordered data mode. Opts: (null)
done.
Begin: Running /scripts/local-bottom ... done.
Begin: Running /scripts/init-bottom ... done.
[    5.234739] systemd[1]: systemd 229 running in system mode. (+PAM +AUDIT +SELINUX +IMA +APPARMOR +SMACK +SYSVINIT +UTMP +LIBCRYPTSETUP +GCRYPT +GNUTLS +ACL +XZ -LZ4 +SECCOMP +BLKID +ELFUTILS +KMOD -IDN)
[    5.237631] systemd[1]: Detected virtualization oracle.
[    5.238494] systemd[1]: Detected architecture x86-64.

Welcome to [1mUbuntu 16.04.7 LTS[0m!

[    5.650210] systemd[1]: Set hostname to <ubuntu>.
[    5.654895] systemd[1]: Initializing machine ID from random generator.
[    5.657527] systemd[1]: Installed transient /etc/machine-id file.
[    7.067332] systemd[1]: Created slice User and Session Slice.
[[0;32m  OK  [0m] Created slice User and Session Slice.
[    7.118104] systemd[1]: Reached target System Time Synchronized.
[[0;32m  OK  [0m] Reached target System Time Synchronized.
[    7.124597] systemd[1]: Listening on Journal Audit Socket.
[[0;32m  OK  [0m] Listening on Journal Audit Socket.
[    7.131290] systemd[1]: Listening on Journal Socket.
[[0;32m  OK  [0m] Listening on Journal Socket.
[    7.137066] systemd[1]: Listening on fsck to fsckd communication Socket.
[[0;32m  OK  [0m] Listening on fsck to fsckd communication Socket.
[    7.142530] systemd[1]: Listening on Device-mapper event daemon FIFOs.
[[0;32m  OK  [0m] Listening on Device-mapper event daemon FIFOs.
[    7.147880] systemd[1]: Reached target Swap.
[[0;32m  OK  [0m] Reached target Swap.
[    7.151091] systemd[1]: Created slice System Slice.
[[0;32m  OK  [0m] Created slice System Slice.
[    7.985430] systemd[1]: Starting File System Check on Root Device...
         Starting File System Check on Root Device...
[    7.996678] systemd[1]: Starting Create list of required static device nodes for the current kernel...
         Starting Create list of required st... nodes for the current kernel...
[    8.000042] systemd[1]: Mounting POSIX Message Queue File System...
         Mounting POSIX Message Queue File System...
[    8.004035] systemd[1]: Starting Load Kernel Modules...
         Starting Load Kernel Modules...
[    8.011160] Loading iSCSI transport class v2.0-870.
[    8.012727] systemd[1]: Starting Uncomplicated firewall...
         Starting Uncomplicated firewall...
[    8.014470] systemd[1]: Reached target User and Group Name Lookups.
[[0;32m  OK  [0m] Reached target User and Group Name Lookups.
[    8.016875] systemd[1]: Started Forward Password Requests to Wall Directory Watch.
[[0;32m  OK  [0m] Started Forward Password Requests to Wall Directory Watch.
[    8.019485] systemd[1]: Set up automount Arbitrary Executable File Formats File System Automount Point.
[    8.021278] iscsi: registered transport (tcp)
[[0;32m  OK  [0m] Set up automount Arbitrary Executab...ats File System Automount Point.
[    8.022579] systemd[1]: Reached target Slices.
[[0;32m  OK  [0m] Reached target Slices.
[    8.024143] systemd[1]: Created slice system-serial\x2dgetty.slice.
[[0;32m  OK  [0m] Created slice system-serial\x2dgetty.slice.
[    8.025870] systemd[1]: Listening on /dev/initctl Compatibility Named Pipe.
[[0;32m  OK  [0m] Listening on /dev/initctl Compatibility Named Pipe.
[    8.028245] systemd[1]: Starting Nameserver information manager...
         Starting Nameserver information manager...
[    8.030237] systemd[1]: Listening on Journal Socket (/dev/log).
[[0;32m  OK  [0m] Listening on Journal Socket (/dev/log).
[    8.032040] systemd[1]: Listening on Syslog Socket.
[[0;32m  OK  [0m] Listening on Syslog Socket.
[    8.034015] systemd[1]: Starting Journal Service...
         Starting Journal Service...
[    8.035721] systemd[1]: Listening on udev Kernel Socket.
[[0;32m  OK  [0m] Listening on udev Kernel Socket.
[    8.038438] systemd[1]: Mounting Huge Pages File System...
         Mounting Huge Pages File System...
[    8.040723] systemd[1]: Started Trigger resolvconf update for networkd DNS.
[[0;32m  OK  [0m] Started Trigger resolvconf update for networkd DNS.
[    8.043634] systemd[1]: Listening on LVM2 poll daemon socket.
[[0;32m  OK  [0m] Listening on LVM2 poll daemon socket.
[    8.045585] systemd[1]: Listening on udev Control Socket.
[[0;32m  OK  [0m] Listening on udev Control Socket.
[    8.047506] systemd[1]: Listening on LVM2 metadata daemon socket.
[[0;32m  OK  [0m] Listening on LVM2 metadata daemon socket.
[    8.050467] systemd[1]: Starting Monitoring of LVM2 mirrors, snapshots etc. using dmeventd or progress polling...
[    8.052831] iscsi: registered transport (iser)
         Starting Monitoring of LVM2 mirrors... dmeventd or progress polling...
[    8.054924] systemd[1]: Mounting Debug File System...
         Mounting Debug File System...
[    8.057142] systemd[1]: Reached target Encrypted Volumes.
[[0;32m  OK  [0m] Reached target Encrypted Volumes.
[    8.059685] systemd[1]: Starting Set console keymap...
         Starting Set console keymap...
[    8.063223] systemd[1]: Mounted Huge Pages File System.
[[0;32m  OK  [0m] Mounted Huge Pages File System.
[    8.065162] systemd[1]: Mounted POSIX Message Queue File System.
[[0;32m  OK  [0m] Mounted POSIX Message Queue File System.
[    8.067089] systemd[1]: Mounted Debug File System.
[[0;32m  OK  [0m] Mounted Debug File System.
[    8.068817] systemd[1]: Started Journal Service.
[[0;32m  OK  [0m] Started Journal Service.
[[0;32m  OK  [0m] Started File System Check on Root Device.
[[0;32m  OK  [0m] Started Create list of required sta...ce nodes for the current kernel.
[[0;32m  OK  [0m] Started Load Kernel Modules.
[[0;32m  OK  [0m[    8.075396] random: nonblocking pool is initialized
] Started Uncomplicated firewall.
[[0;32m  OK  [0m] Started Nameserver information manager.
[[0;32m  OK  [0m] Started LVM2 metadata daemon.
[[0;32m  OK  [0m] Started File System Check Daemon to report status.
         Starting Apply Kernel Variables...
         Mounting FUSE Control File System...
         Starting Create Static Device Nodes in /dev...
         Starting Remount Root and Kernel File Systems...
[[0;32m  OK  [0m] Mounted FUSE Control File System.
[[0;32m  OK  [0m] Started Apply Kernel Variables.
[[0;32m  OK  [0m] Started Remount Root and Kernel File Systems.
         Starting Load/Save Random Seed...
         Starting Flush Journal to Persistent Storage...
         Starting udev Coldplug all Devices...
[[0;32m  OK  [0m] Started Set console keymap.
[[0;32m  OK  [0m] Started Create Static Device Nodes in /dev.
[[0;32m  OK  [0m] Started Load/Save Random Seed.
         Starting udev Kernel Device Manager...
[[0;32m  OK  [0m] Started Flush Journal to Persistent Storage.
[[0;32m  OK  [0m] Started udev Kernel Device Manager.
[[0;32m  OK  [0m] Started udev Coldplug all Devices.
[[0;32m  OK  [0m] Started Dispatch Password Requests to Console Directory Watch.
[[0;32m  OK  [0m] Found device /dev/ttyS0.
[[0;32m  OK  [0m] Listening on Load/Save RF Kill Switch Status /dev/rfkill Watch.
[[0;32m  OK  [0m] Started Monitoring of LVM2 mirrors,...ng dmeventd or progress polling.
[[0;32m  OK  [0m] Reached target Local File Systems (Pre).
[[0;32m  OK  [0m] Reached target Local File Systems.
         Starting Tell Plymouth To Write Out Runtime Data...
         Starting LSB: AppArmor initialization...
         Starting Create Volatile Files and Directories...
         Starting Set console font and keymap...
         Starting Commit a transient machine-id on disk...
         Starting Initial cloud-init job (pre-networking)...
[[0;32m  OK  [0m] Started Tell Plymouth To Write Out Runtime Data.
[[0;32m  OK  [0m] Started Create Volatile Files and Directories.
         Starting Update UTMP about System Boot/Shutdown...
[[0;32m  OK  [0m] Started Update UTMP about System Boot/Shutdown.
[[0;32m  OK  [0m] Started Commit a transient machine-id on disk.
[[0;32m  OK  [0m] Started LSB: AppArmor initialization.
         Starting Load AppArmor profiles managed internally by snapd...
[[0;32m  OK  [0m] Started Set console font and keymap.
[[0;32m  OK  [0m] Started Load AppArmor profiles managed internally by snapd.
[[0;32m  OK  [0m] Created slice system-getty.slice.
[    9.172461] cloud-init[661]: Cloud-init v. 21.1-19-gbad84ad4-0ubuntu1~16.04.2 running 'init-local' at Wed, 15 Nov 2023 02:01:44 +0000. Up 8.95 seconds.
[[0;32m  OK  [0m] Started Initial cloud-init job (pre-networking).
[[0;32m  OK  [0m] Reached target Network (Pre).
         Starting Raise network interfaces...
[[0;32m  OK  [0m] Started Raise network interfaces.
         Starting Initial cloud-init job (metadata service crawler)...
[[0;32m  OK  [0m] Reached target Network.
[   10.169895] cloud-init[982]: Cloud-init v. 21.1-19-gbad84ad4-0ubuntu1~16.04.2 running 'init' at Wed, 15 Nov 2023 02:01:45 +0000. Up 9.61 seconds.
[   10.170889] cloud-init[982]: ci-info: ++++++++++++++++++++++++++++++++++++++Net device info+++++++++++++++++++++++++++++++++++++++
[   10.171743] cloud-init[982]: ci-info: +--------+-------+----------------------------+---------------+--------+-------------------+
[   10.172630] cloud-init[982]: ci-info: | Device |   Up  |          Address           |      Mask     | Scope  |     Hw-Address    |
[   10.173542] cloud-init[982]: ci-info: +--------+-------+----------------------------+---------------+--------+-------------------+
[   10.174499] cloud-init[982]: ci-info: | enp0s3 |  True |         10.0.2.15          | 255.255.255.0 | global | 02:be:82:6b:cc:1d |
[   10.175412] cloud-init[982]: ci-info: | enp0s3 |  True | fe80::be:82ff:fe6b:cc1d/64 |       .       |  link  | 02:be:82:6b:cc:1d |
[   10.192232] cloud-init[982]: ci-info: | enp0s8 | False |             .              |       .       |   .    | 08:00:27:a6:8e:7a |
[   10.193173] cloud-init[982]: ci-info: |   lo   |  True |         127.0.0.1          |   255.0.0.0   |  host  |         .         |
[   10.194181] cloud-init[982]: ci-info: |   lo   |  True |          ::1/128           |       .       |  host  |         .         |
[   10.195189] cloud-init[982]: ci-info: +--------+-------+----------------------------+---------------+--------+-------------------+
[   10.196198] cloud-init[982]: ci-info: +++++++++++++++++++++++++++Route IPv4 info++++++++++++++++++++++++++++
[   10.204212] [cloud-init[0;32m  OK  [0m[982]: ] ci-info: +-------+-------------+----------+---------------+-----------+-------+Started Initial cloud-init job (metadata service crawler).

[   10.204344] cloud-init[982]: ci-info: | Route | Destination | Gateway  |    Genmask    | Interface | Flags |
[   10.206343] [cloud-init[0;32m  OK  [0m[982]: ] ci-info: +-------+-------------+----------+---------------+-----------+-------+Reached target Network is Online.

[   10.206584] cloud-init[982]: ci-info: |   0   |   0.0.0.0   | 10.0.2.2 |    0.0.0.0    |   enp0s3  |   UG  |
[   10.208422] cloud-init[982]: ci-info: |   1   |   10.0.2.0  | 0.0.0.0  | 255.255.255.0 |   enp0s3  |   U   |
[   10.209287] cloud-init[982]: ci-info: +-------+-------------+----------+---------------+-----------+-------+
[   10.210157] cloud-init[982]: ci-info: +++++++++++++++++++Route IPv6 info+++++++++++++++++++
[   10.210955] cloud-init[982]: ci-info: +-------+-------------+---------+-----------+-------+
[   10.211739] cloud-init[982]: ci-info: | Route | Destination | Gateway | Interface | Flags |
[   10.212545] cloud-init[982]: ci-info: +-------+-------------+---------+-----------+-------+
[   10.213324] cloud-init[982]: ci-info: |   0   |  fe80::/64  |    ::   |   enp0s3  |   U   |
[   10.214105] cloud-init[982]: ci-info: |   3   |   ff00::/8  |    ::   |   enp0s3  |   U   |
[   10.214990] cloud-init[982]: ci-info: +-------+-------------+---------+-----------+-------+
[   10.215854] cloud-init[982]: Generating public/private rsa key pair.
[   10.216535] cloud-init[982]: Your identification has been saved in /etc/ssh/ssh_host_rsa_key.
[   10.217295] cloud-init[982]: Your public key has been saved in /etc/ssh/ssh_host_rsa_key.pub.
[   10.218028] cloud-init[982]: The key fingerprint is:
[   10.218612] cloud-init[982]: SHA256:ZwPLWurZvRySr/Jm8Kh4u5LubElJ0wjYuwZt0VjzY0M root@ubuntu-xenial
[   10.219481] cloud-init[982]: The key's randomart image is:
[   10.220084]          cloud-initStarting iSCSI initiator daemon (iscsid)...[982]: 
+---[RSA 2048]----+
[   10.220889] [cloud-init[0;32m  OK  [0m[982]: ] |.. +o E          |Reached target System Initialization.

[   10.221067] cloud-init[982]: |o + .+           |
[   10.222206] cloud-init[982]: | o =  = .        |
[   10.222736] [cloud-init[0;32m  OK  [0m[982]: ] |. B .. + o       |Started ACPI Events Check.

[   10.222973] [cloud-init[0;32m  OK  [0m[982]: ] | + +    S +      |Reached target Paths.

[   10.223662] cloud-init[982]: |  =   .+ + .     |
[   10.224539] [cloud-init[0;32m  OK  [0m[982]: ] | o o  o+o .      |Started Daily apt download activities.

[   10.224782] cloud-init[982]: [| .=...oo+= .     |[0;32m  OK  [0m
] Started Ubuntu Advantage update messaging.
[   10.225121] cloud-init[982]: | +=o++o=+.=.     |
[   10.226341]          cloud-initStarting LXD - unix socket.[982]: 
+----[SHA256]-----+
[   10.227018] [cloud-init[0;32m  OK  [0m[982]: ] Generating public/private dsa key pair.Listening on UUID daemon activation socket.

[   10.227193] cloud-init[982]: Your identification has been saved in /etc/ssh/ssh_host_dsa_key.
         Starting Socket activation for snappy daemon.
[   10.227460] cloud-init[982]: Your public key has been saved in /etc/ssh/ssh_host_dsa_key.pub.[
[0;32m  OK  [0m] Started Daily Cleanup of Temporary Directories.
[   10.227879] cloud-init[982]: [The key fingerprint is:[0;32m  OK  [0m
] Started Message of the Day.
[   10.228430] cloud-init[982]: SHA256:pJ1kkJduGhcBxEyTdjxsT4sWS5Xu5c+K4I5pR06lDMQ root@ubuntu-xenial[
[0;32m  OK  [0m] Listening on ACPID Listen Socket.
[   10.228788] cloud-init[982]: [The key's randomart image is:[0;32m  OK  [0m
] Started Daily apt upgrade and clean activities.
[   10.229239] cloud-init[982]: [+---[DSA 1024]----+[0;32m  OK  [0m
] Reached target Timers.
[   10.229598] cloud-init[982]: [|     ***.+..     |[0;32m  OK  [0m
] Listening on D-Bus System Message Bus Socket.
[   10.230039] cloud-init[982]: [|      Eo% o      |[0;32m  OK  [0m
] Reached target Cloud-config availability.
[   10.230400] cloud-init[982]: [|     o *+X .     |[0;32m  OK  [0m
] Listening on LXD - unix socket.
[   10.230759] cloud-init[982]: [|      o*B.= .    |[0;32m  OK  [0m
] Listening on Socket activation for snappy daemon.
[   10.231118] cloud-init[982]: [|      .OS+ o     |[0;32m  OK  [0m
] Reached target Sockets.
[   10.231471] cloud-init[982]: [|      . = . .    |[0;32m  OK  [0m
] Reached target Basic System.
[   10.231915] cloud-init[982]: |       +.    o   |
[   10.236618] cloud-init[982]: |      .+o. .  o  |
         Starting System Logging Service...
[   10.236797] cloud-init[982]: |     .ooo . ..   |
[   10.237953]          cloud-initStarting Login Service...[982]: 
+----[SHA256]-----+
[   10.238725] cloud-init[982]: Generating public/private ecdsa key pair.
[   10.239355] cloud-init[982]:          Your identification has been saved in /etc/ssh/ssh_host_ecdsa_key.Starting Pollinate to seed the pseudo random number generator...

[   10.239534] cloud-init[982]: Your public key has been saved in /etc/ssh/ssh_host_ecdsa_key.pub.
[   10.241559] cloud-init[982]: The key fingerprint is:
[   10.242217] cloud-init[982]: SHA256:oQxyXqPLdHy6f/FXi67E/j3J0MQyM1Ouj6ggTBxtyjI root@ubuntu-xenial
         Starting Virtualbox guest utils...
[   10.242394] cloud-init[982]: The key's randomart image is:
[   10.244054]          cloud-initStarting LSB: Record successful boot for GRUB...[982]: 
+---[ECDSA 256]---+
[   10.245167] cloud-init[982]: |                 |
[   10.245868]          cloud-initStarting LSB: MD monitoring daemon...[982]: 
|      .        . |
[   10.246646]          cloud-initStarting Snap Daemon...[982]: 
|  . o.oo.     +  |
[   10.247427] cloud-init[982]: |   +o*+o .   * + |
[   10.256270] [[0;32m  OK  [0m] Started ACPI event daemon.
cloud-init[982]: |   E+== S     X  |
[   10.257234] [[0;32m  OK  [0m] Started FUSE filesystem for LXC.
cloud-init[982]: |   o=o o  o  o ..|
[[0;32m  OK  [0m] Started Deferred execution scheduler.
[   10.258563] cloud-init[982]: |    oo..   =. *.o|[[0;32m  OK  [0m] Started D-Bus System Message Bus.

[   10.260434] cloud-init[982]: |      ... +..oo* |
[   10.261304] cloud-init[982]: |      ...o.o++ ..|
[   10.262196] cloud-init[982]: +----[SHA256]-----+
[   10.262954] cloud-init[982]: Generating public/private ed25519 key pair.
[   10.263887] cloud-init[982]: Your identification has been saved in /etc/ssh/ssh_host_ed25519_key.
[   10.264970] cloud-init[982]: Your public key has been saved in /etc/ssh/ssh_host_ed25519_key.pub.
[   10.266218] cloud-init[982]: The key fingerprint is:
[   10.267079] cloud-init[982]: SHA256:6UgPSz3F5pODy7GpjBo3O8hDO6utZRy7AZFQD7GgKGQ root@ubuntu-xenial
[   10.268381] cloud-init[982]: The key's randomart image is:
[   10.269271] cloud-init[982]: +--[ED25519 256]--+
[   10.270042] cloud-init[982]: |oE+.             |
[   10.270805] cloud-init[982]: |*o +     .       |
[   10.271747] cloud-init[982]: |* . .     +      |
[   10.272578] cloud-init[982]: |..     . * .     |
[   10.273435] cloud-init[982]: |. .   + S =      |
[   10.274284] cloud-init[982]: | o.o o B * o     |
[   10.275155] cloud-init[982]: | oBoo o B        |
[   10.276039] cloud-init[982]: | +*=.= .         |
[   10.276821] cloud-init[982]: |oo==o.o          |
[   10.277462] cloud-init[982]: +----[SHA256]-----+
[[0;32m  OK  [0m] Started Regular background program processing daemon.
         Starting /etc/rc.local Compatibility...
         Starting Accounts Service...
         Starting LXD - container startup/shutdown...
[[0;32m  OK  [0m] Started System Logging Service.
[[0;32m  OK  [0m] Started /etc/rc.local Compatibility.
[[0;32m  OK  [0m] Started iSCSI initiator daemon (iscsid).
         Starting Login to default iSCSI targets...
[[0;32m  OK  [0m] Started Login Service.
[[0;32m  OK  [0m] Started Unattended Upgrades Shutdown.
[[0;32m  OK  [0m] Started LSB: MD monitoring daemon.
[[0;32m  OK  [0m] Started Login to default iSCSI targets.
[[0;32m  OK  [0m] Reached target Remote File Systems (Pre).
[[0;32m  OK  [0m] Reached target Remote File Systems.
         Starting LSB: daemon to balance interrupts for SMP systems...
         Starting LSB: automatic crash report generation...
         Starting Permit User Sessions...
         Starting LSB: Set the CPU Frequency Scaling governor to "ondemand"...
[[0;32m  OK  [0m] Started Permit User Sessions.
         Starting Hold until boot process finishes up...
         Starting Terminate Plymouth Boot Screen...
[[0;32m  OK  [0m] Started Hold until boot process finishes up.
         Starting Set console scheme...
[[0;32m  OK  [0m] Started Serial Getty on ttyS0.
[[0;32m  OK  [0m] Started Getty on tty1.
[[0;32m  OK  [0m] Reached target Login Prompts.
[[0;32m  OK  [0m] Started LSB: Record successful boot for GRUB.
[[0;32m  OK  [0m] Started Terminate Plymouth Boot Screen.
[[0;32m  OK  [0m] Started Set console scheme.
         Starting Authenticate and Authorize Users to Run Privileged Tasks...
[[0;32m  OK  [0m] Started LSB: Set the CPU Frequency Scaling governor to "ondemand".
[[0;32m  OK  [0m] Started Virtualbox guest utils.
[[0;32m  OK  [0m] Started LSB: automatic crash report generation.
[[0;32m  OK  [0m] Started LSB: daemon to balance interrupts for SMP systems.
[[0;32m  OK  [0m] Started Authenticate and Authorize Users to Run Privileged Tasks.
[[0;32m  OK  [0m] Started Accounts Service.
[[0;32m  OK  [0m] Started LXD - container startup/shutdown.
[[0;32m  OK  [0m] Started Snap Daemon.
         Starting Wait until snapd is fully seeded...
[[0;32m  OK  [0m] Started Pollinate to seed the pseudo random number generator.
         Starting OpenBSD Secure Shell server...
[[0;32m  OK  [0m] Started OpenBSD Secure Shell server.
[[0;32m  OK  [0m] Started Wait until snapd is fully seeded.
         Starting Apply the settings specified in cloud-config...
[[0;32m  OK  [0m] Reached target Multi-User System.
[[0;32m  OK  [0m] Reached target Graphical Interface.
         Starting Update UTMP about System Runlevel Changes...
[[0;32m  OK  [0m] Started Update UTMP about System Runlevel Changes.
[   11.936474] cloud-init[1319]: Generating locales (this might take a while)...
[   12.514043] cloud-init[1319]:   en_US.UTF-8... done
[   12.514686] cloud-init[1319]: Generation complete.
[[0;32m  OK  [0m] Created slice User Slice of vagrant.
         Starting User Manager for UID 1000...
[[0;32m  OK  [0m] Started Session 1 of user vagrant.
[[0;32m  OK  [0m] Started User Manager for UID 1000.
[   12.766183] cloud-init[1319]: Cloud-init v. 21.1-19-gbad84ad4-0ubuntu1~16.04.2 running 'modules:config' at Wed, 15 Nov 2023 02:01:47 +0000. Up 11.85 seconds.
[[0;32m  OK  [0m] Started Apply the settings specified in cloud-config.
         Starting Execute cloud user/final scripts...
ci-info: no authorized SSH keys fingerprints found for user ubuntu.
<14>Nov 15 02:01:48 ec2: 
<14>Nov 15 02:01:48 ec2: #############################################################
<14>Nov 15 02:01:48 ec2: -----BEGIN SSH HOST KEY FINGERPRINTS-----
<14>Nov 15 02:01:48 ec2: 1024 SHA256:pJ1kkJduGhcBxEyTdjxsT4sWS5Xu5c+K4I5pR06lDMQ root@ubuntu-xenial (DSA)
<14>Nov 15 02:01:48 ec2: 256 SHA256:oQxyXqPLdHy6f/FXi67E/j3J0MQyM1Ouj6ggTBxtyjI root@ubuntu-xenial (ECDSA)
<14>Nov 15 02:01:48 ec2: 256 SHA256:6UgPSz3F5pODy7GpjBo3O8hDO6utZRy7AZFQD7GgKGQ root@ubuntu-xenial (ED25519)
<14>Nov 15 02:01:48 ec2: 2048 SHA256:ZwPLWurZvRySr/Jm8Kh4u5LubElJ0wjYuwZt0VjzY0M root@ubuntu-xenial (RSA)
<14>Nov 15 02:01:48 ec2: -----END SSH HOST KEY FINGERPRINTS-----
<14>Nov 15 02:01:48 ec2: #############################################################
-----BEGIN SSH HOST KEY KEYS-----
ecdsa-sha2-nistp256 AAAAE2VjZHNhLXNoYTItbmlzdHAyNTYAAAAIbmlzdHAyNTYAAABBBJstjv4+lrgYS0Wlobe7fIn4tFouWumTqnBLIxSkq4DjwJbQhfexzUI90EkGvWmlbQv4TCWykwMPy3QkZsvqE8g= root@ubuntu-xenial
ssh-ed25519 AAAAC3NzaC1lZDI1NTE5AAAAIMsJN2d9twLNSIsj+bfI/UxZGjtWkMBBMmmKez5AHG3P root@ubuntu-xenial
ssh-rsa AAAAB3NzaC1yc2EAAAADAQABAAABAQD2/kbchjpanME6CrbEdor5GB+gTt0YLBfi3o83JBQFtjvZs9qAyOKM1u27QrcD86322lBjg2wt+PgNmSmgrUaho0dG5PJZELjYkv1qCBUNeloow9jLx1JQ320kDDoTc71pShk1NtVeTX5SgfUO0KUtbeVackm9fs8VxsETefDno/I4mb0Jg7Y4uc1IZ0zJBZIfbSyDlHxyoG9CsMvStkuRleHRHKxH2fu+yaaFhtwsfPEJFudgot2/SpPMY45tV0nyJfCUbx4ScN3s/JqzdpZAjE55VulvFu2RTEM3WJJOvKJraZG9nTl9C4gv8lKn6+kwcDc2VQ22h7EfodQhTjtd root@ubuntu-xenial
-----END SSH HOST KEY KEYS-----
[   13.185155] cloud-init[1425]: Cloud-init v. 21.1-19-gbad84ad4-0ubuntu1~16.04.2 running 'modules:final' at Wed, 15 Nov 2023 02:01:48 +0000. Up 13.07 seconds.
[   13.186397] cloud-init[1425]: ci-info: no authorized SSH keys fingerprints found for user ubuntu.
[   13.187272] cloud-init[1425]: Cloud-init v. 21.1-19-gbad84ad4-0ubuntu1~16.04.2 finished at Wed, 15 Nov 2023 02:01:48 +0000. Datasource DataSourceNoCloud [seed=/dev/sdb][dsmode=net].  Up 13.17 seconds
[[0;32m  OK  [0m] Started Execute cloud user/final scripts.
[[0;32m  OK  [0m] Reached target Cloud-init target.

Ubuntu 16.04.7 LTS ubuntu-xenial ttyS0

ubuntu-xenial login: 