[    0.000000] Initializing cgroup subsys cpuset
[    0.000000] Initializing cgroup subsys cpu
[    0.000000] Initializing cgroup subsys cpuacct
[    0.000000] Linux version 4.4.0-210-generic (buildd@lgw01-amd64-009) (gcc version 5.4.0 20160609 (Ubuntu 5.4.0-6ubuntu1~16.04.12) ) #242-Ubuntu SMP Fri Apr 16 09:57:56 UTC 2021 (Ubuntu 4.4.0-210.242-generic 4.4.262)
[    0.000000] Command line: BOOT_IMAGE=/boot/vmlinuz-4.4.0-210-generic root=LABEL=cloudimg-rootfs ro console=tty1 console=ttyS0
[    0.000000] KERNEL supported cpus:
[    0.000000]   Intel GenuineIntel
[    0.000000]   AMD AuthenticAMD
[    0.000000]   Centaur CentaurHauls
[    0.000000] x86/fpu: xstate_offset[2]:  576, xstate_sizes[2]:  256
[    0.000000] x86/fpu: Supporting XSAVE feature 0x01: 'x87 floating point registers'
[    0.000000] x86/fpu: Supporting XSAVE feature 0x02: 'SSE registers'
[    0.000000] x86/fpu: Supporting XSAVE feature 0x04: 'AVX registers'
[    0.000000] x86/fpu: Enabled xstate features 0x7, context size is 832 bytes, using 'standard' format.
[    0.000000] e820: BIOS-provided physical RAM map:
[    0.000000] BIOS-e820: [mem 0x0000000000000000-0x000000000009fbff] usable
[    0.000000] BIOS-e820: [mem 0x000000000009fc00-0x000000000009ffff] reserved
[    0.000000] BIOS-e820: [mem 0x00000000000f0000-0x00000000000fffff] reserved
[    0.000000] BIOS-e820: [mem 0x0000000000100000-0x00000000dffeffff] usable
[    0.000000] BIOS-e820: [mem 0x00000000dfff0000-0x00000000dfffffff] ACPI data
[    0.000000] BIOS-e820: [mem 0x00000000fec00000-0x00000000fec00fff] reserved
[    0.000000] BIOS-e820: [mem 0x00000000fee00000-0x00000000fee00fff] reserved
[    0.000000] BIOS-e820: [mem 0x00000000fffc0000-0x00000000ffffffff] reserved
[    0.000000] BIOS-e820: [mem 0x0000000100000000-0x0000000214bfffff] usable
[    0.000000] NX (Execute Disable) protection: active
[    0.000000] SMBIOS 2.5 present.
[    0.000000] Hypervisor detected: KVM
[    0.000000] e820: last_pfn = 0x214c00 max_arch_pfn = 0x400000000
[    0.000000] MTRR: Disabled
[    0.000000] x86/PAT: MTRRs disabled, skipping PAT initialization too.
[    0.000000] CPU MTRRs all blank - virtualized system.
[    0.000000] x86/PAT: Configuration [0-7]: WB  WT  UC- UC  WB  WT  UC- UC  
[    0.000000] e820: last_pfn = 0xdfff0 max_arch_pfn = 0x400000000
[    0.000000] found SMP MP-table at [mem 0x0009fff0-0x0009ffff] mapped at [ffff88000009fff0]
[    0.000000] Scanning 1 areas for low memory corruption
[    0.000000] RAMDISK: [mem 0x362dc000-0x37165fff]
[    0.000000] ACPI: Early table checksum verification disabled
[    0.000000] ACPI: RSDP 0x00000000000E0000 000024 (v02 VBOX  )
[    0.000000] ACPI: XSDT 0x00000000DFFF0030 00003C (v01 VBOX   VBOXXSDT 00000001 ASL  00000061)
[    0.000000] ACPI: FACP 0x00000000DFFF00F0 0000F4 (v04 VBOX   VBOXFACP 00000001 ASL  00000061)
[    0.000000] ACPI: DSDT 0x00000000DFFF0620 002353 (v02 VBOX   VBOXBIOS 00000002 INTL 20200925)
[    0.000000] ACPI: FACS 0x00000000DFFF0200 000040
[    0.000000] ACPI: FACS 0x00000000DFFF0200 000040
[    0.000000] ACPI: APIC 0x00000000DFFF0240 00006C (v02 VBOX   VBOXAPIC 00000001 ASL  00000061)
[    0.000000] ACPI: SSDT 0x00000000DFFF02B0 00036C (v01 VBOX   VBOXCPUT 00000002 INTL 20200925)
[    0.000000] No NUMA configuration found
[    0.000000] Faking a node at [mem 0x0000000000000000-0x0000000214bfffff]
[    0.000000] NODE_DATA(0) allocated [mem 0x214bf5000-0x214bf9fff]
[    0.000000] kvm-clock: Using msrs 4b564d01 and 4b564d00
[    0.000000] kvm-clock: cpu 0, msr 2:14bed001, primary cpu clock
[    0.000000] kvm-clock: using sched offset of 2897248435 cycles
[    0.000000] clocksource: kvm-clock: mask: 0xffffffffffffffff max_cycles: 0x1cd42e4dffb, max_idle_ns: 881590591483 ns
[    0.000000] Zone ranges:
[    0.000000]   DMA      [mem 0x0000000000001000-0x0000000000ffffff]
[    0.000000]   DMA32    [mem 0x0000000001000000-0x00000000ffffffff]
[    0.000000]   Normal   [mem 0x0000000100000000-0x0000000214bfffff]
[    0.000000]   Device   empty
[    0.000000] Movable zone start for each node
[    0.000000] Early memory node ranges
[    0.000000]   node   0: [mem 0x0000000000001000-0x000000000009efff]
[    0.000000]   node   0: [mem 0x0000000000100000-0x00000000dffeffff]
[    0.000000]   node   0: [mem 0x0000000100000000-0x0000000214bfffff]
[    0.000000] Initmem setup node 0 [mem 0x0000000000001000-0x0000000214bfffff]
[    0.000000] ACPI: PM-Timer IO Port: 0x4008
[    0.000000] IOAPIC[0]: apic_id 4, version 32, address 0xfec00000, GSI 0-23
[    0.000000] ACPI: INT_SRC_OVR (bus 0 bus_irq 0 global_irq 2 dfl dfl)
[    0.000000] ACPI: INT_SRC_OVR (bus 0 bus_irq 9 global_irq 9 low level)
[    0.000000] Using ACPI (MADT) for SMP configuration information
[    0.000000] smpboot: Allowing 4 CPUs, 0 hotplug CPUs
[    0.000000] PM: Registered nosave memory: [mem 0x00000000-0x00000fff]
[    0.000000] PM: Registered nosave memory: [mem 0x0009f000-0x0009ffff]
[    0.000000] PM: Registered nosave memory: [mem 0x000a0000-0x000effff]
[    0.000000] PM: Registered nosave memory: [mem 0x000f0000-0x000fffff]
[    0.000000] PM: Registered nosave memory: [mem 0xdfff0000-0xdfffffff]
[    0.000000] PM: Registered nosave memory: [mem 0xe0000000-0xfebfffff]
[    0.000000] PM: Registered nosave memory: [mem 0xfec00000-0xfec00fff]
[    0.000000] PM: Registered nosave memory: [mem 0xfec01000-0xfedfffff]
[    0.000000] PM: Registered nosave memory: [mem 0xfee00000-0xfee00fff]
[    0.000000] PM: Registered nosave memory: [mem 0xfee01000-0xfffbffff]
[    0.000000] PM: Registered nosave memory: [mem 0xfffc0000-0xffffffff]
[    0.000000] e820: [mem 0xe0000000-0xfebfffff] available for PCI devices
[    0.000000] Booting paravirtualized kernel on KVM
[    0.000000] clocksource: refined-jiffies: mask: 0xffffffff max_cycles: 0xffffffff, max_idle_ns: 7645519600211568 ns
[    0.000000] setup_percpu: NR_CPUS:512 nr_cpumask_bits:512 nr_cpu_ids:4 nr_node_ids:1
[    0.000000] PERCPU: Embedded 33 pages/cpu @ffff880214800000 s95192 r8192 d31784 u524288
[    0.000000] Built 1 zonelists in Node order, mobility grouping on.  Total pages: 2018888
[    0.000000] Policy zone: Normal
[    0.000000] Kernel command line: BOOT_IMAGE=/boot/vmlinuz-4.4.0-210-generic root=LABEL=cloudimg-rootfs ro console=tty1 console=ttyS0
[    0.000000] PID hash table entries: 4096 (order: 3, 32768 bytes)
[    0.000000] Memory: 7974528K/8203832K available (8644K kernel code, 1332K rwdata, 4044K rodata, 1492K init, 1164K bss, 229304K reserved, 0K cma-reserved)
[    0.000000] SLUB: HWalign=64, Order=0-3, MinObjects=0, CPUs=4, Nodes=1
[    0.000000] Kernel/User page tables isolation: enabled
[    0.000000] Hierarchical RCU implementation.
[    0.000000] 	Build-time adjustment of leaf fanout to 64.
[    0.000000] 	RCU restricting CPUs from NR_CPUS=512 to nr_cpu_ids=4.
[    0.000000] RCU: Adjusting geometry for rcu_fanout_leaf=64, nr_cpu_ids=4
[    0.000000] NR_IRQS:33024 nr_irqs:456 16
[    0.000000] Console: colour VGA+ 80x25
[    0.000000] console [tty1] enabled
[    0.000000] console [ttyS0] enabled
[    0.000000] tsc: Detected 2112.014 MHz processor
[    0.168379] Calibrating delay loop (skipped) preset value.. 4224.02 BogoMIPS (lpj=8448056)
[    0.169803] pid_max: default: 32768 minimum: 301
[    0.170567] ACPI: Core revision 20150930
[    0.172171] ACPI: 2 ACPI AML tables successfully acquired and loaded
[    0.173275] Security Framework initialized
[    0.173993] Yama: becoming mindful.
[    0.174632] AppArmor: AppArmor initialized
[    0.175818] Dentry cache hash table entries: 1048576 (order: 11, 8388608 bytes)
[    0.179059] Inode-cache hash table entries: 524288 (order: 10, 4194304 bytes)
[    0.180962] Mount-cache hash table entries: 16384 (order: 5, 131072 bytes)
[    0.181998] Mountpoint-cache hash table entries: 16384 (order: 5, 131072 bytes)
[    0.183504] Initializing cgroup subsys io
[    0.184214] Initializing cgroup subsys memory
[    0.184939] Initializing cgroup subsys devices
[    0.185680] Initializing cgroup subsys freezer
[    0.186424] Initializing cgroup subsys net_cls
[    0.187163] Initializing cgroup subsys perf_event
[    0.187946] Initializing cgroup subsys net_prio
[    0.188718] Initializing cgroup subsys hugetlb
[    0.189447] Initializing cgroup subsys pids
[    0.203590] mce: CPU supports 0 MCE banks
[    0.204523] Last level iTLB entries: 4KB 64, 2MB 8, 4MB 8
[    0.205522] Last level dTLB entries: 4KB 64, 2MB 0, 4MB 0, 1GB 4
[    0.206479] Spectre V1 : Mitigation: usercopy/swapgs barriers and __user pointer sanitization
[    0.207930] Spectre V2 : Mitigation: Full generic retpoline
[    0.208791] Spectre V2 : Spectre v2 / SpectreRSB mitigation: Filling RSB on context switch
[    0.210178] Speculative Store Bypass: Vulnerable
[    0.210991] SRBDS: Unknown: Dependent on hypervisor status
[    0.212013] MDS: Mitigation: Clear CPU buffers
[    0.214969] Freeing SMP alternatives memory: 36K
[    0.220672] ftrace: allocating 32380 entries in 127 pages
[    0.273195] smpboot: APIC(0) Converting physical 0 to logical package 0
[    0.274193] smpboot: Max logical packages: 1
[    0.275096] x2apic enabled
[    0.275809] Switched APIC routing to physical x2apic.
[    0.277848] ..TIMER: vector=0x30 apic1=0 pin1=2 apic2=-1 pin2=-1
[    0.387000] smpboot: CPU0: Intel(R) Core(TM) i5-10210U CPU @ 1.60GHz (family: 0x6, model: 0x8e, stepping: 0xc)
[    0.388824] Performance Events: unsupported p6 CPU model 142 no PMU driver, software events only.
[    0.397759] KVM setup paravirtual spinlock
[    0.399362] x86: Booting SMP configuration:
[    0.400209] .... node  #0, CPUs:      #1
[    0.401213] kvm-clock: cpu 1, msr 2:14bed041, secondary cpu clock
[    0.415270] mce: CPU supports 0 MCE banks
[    0.417869]  #2
[    0.418402] kvm-clock: cpu 2, msr 2:14bed081, secondary cpu clock
[    0.433380] mce: CPU supports 0 MCE banks
[    0.436042]  #3
[    0.436570] kvm-clock: cpu 3, msr 2:14bed0c1, secondary cpu clock
[    0.452240] mce: CPU supports 0 MCE banks
[    0.454842] x86: Booted up 1 node, 4 CPUs
[    0.455845] smpboot: Total of 4 processors activated (16896.11 BogoMIPS)
[    0.457454] devtmpfs: initialized
[    0.460515] evm: security.selinux
[    0.461314] evm: security.SMACK64
[    0.462047] evm: security.SMACK64EXEC
[    0.462850] evm: security.SMACK64TRANSMUTE
[    0.463754] evm: security.SMACK64MMAP
[    0.464536] evm: security.ima
[    0.465176] evm: security.capability
[    0.466467] clocksource: jiffies: mask: 0xffffffff max_cycles: 0xffffffff, max_idle_ns: 7645041785100000 ns
[    0.468294] futex hash table entries: 1024 (order: 4, 65536 bytes)
[    0.469538] pinctrl core: initialized pinctrl subsystem
[    0.470691] RTC time: 19:33:10, date: 11/16/23
[    0.471957] NET: Registered protocol family 16
[    0.483477] cpuidle: using governor ladder
[    0.499411] cpuidle: using governor menu
[    0.500254] PCCT header not found.
[    0.501134] ACPI: bus type PCI registered
[    0.501985] acpiphp: ACPI Hot Plug PCI Controller Driver version: 0.5
[    0.503315] PCI: Using configuration type 1 for base access
[    0.516729] ACPI: Added _OSI(Module Device)
[    0.517475] ACPI: Added _OSI(Processor Device)
[    0.518209] ACPI: Added _OSI(3.0 _SCP Extensions)
[    0.519008] ACPI: Added _OSI(Processor Aggregator Device)
[    0.520816] ACPI: Executed 1 blocks of module-level executable AML code
[    0.523663] ACPI: Interpreter enabled
[    0.524292] ACPI: (supports S0 S5)
[    0.524941] ACPI: Using IOAPIC for interrupt routing
[    0.525928] PCI: Using host bridge windows from ACPI; if necessary, use "pci=nocrs" and report a bug
[    0.530606] ACPI: PCI Root Bridge [PCI0] (domain 0000 [bus 00-ff])
[    0.531699] acpi PNP0A03:00: _OSC: OS supports [ASPM ClockPM Segments MSI]
[    0.533165] acpi PNP0A03:00: _OSC: not requesting OS control; OS requires [ExtendedConfig ASPM ClockPM MSI]
[    0.534918] acpi PNP0A03:00: fail to add MMCONFIG information, can't access extended PCI configuration space under this bridge.
[    0.545938] PCI host bridge to bus 0000:00
[    0.546768] pci_bus 0000:00: root bus resource [io  0x0000-0x0cf7 window]
[    0.547936] pci_bus 0000:00: root bus resource [io  0x0d00-0xffff window]
[    0.549126] pci_bus 0000:00: root bus resource [mem 0x000a0000-0x000bffff window]
[    0.550558] pci_bus 0000:00: root bus resource [mem 0xe0000000-0xfdffffff window]
[    0.552009] pci_bus 0000:00: root bus resource [bus 00-ff]
[    0.554169] pci 0000:00:01.1: legacy IDE quirk: reg 0x10: [io  0x01f0-0x01f7]
[    0.555380] pci 0000:00:01.1: legacy IDE quirk: reg 0x14: [io  0x03f6]
[    0.556530] pci 0000:00:01.1: legacy IDE quirk: reg 0x18: [io  0x0170-0x0177]
[    0.557747] pci 0000:00:01.1: legacy IDE quirk: reg 0x1c: [io  0x0376]
[    0.619041] pci 0000:00:07.0: quirk: [io  0x4000-0x403f] claimed by PIIX4 ACPI
[    0.620295] pci 0000:00:07.0: quirk: [io  0x4100-0x410f] claimed by PIIX4 SMB
[    0.660212] ACPI: PCI Interrupt Link [LNKA] (IRQs 5 9 10 *11)
[    0.661680] ACPI: PCI Interrupt Link [LNKB] (IRQs 5 9 *10 11)
[    0.662925] ACPI: PCI Interrupt Link [LNKC] (IRQs 5 *9 10 11)
[    0.664205] ACPI: PCI Interrupt Link [LNKD] (IRQs 5 9 10 *11)
[    0.665549] ACPI: Enabled 2 GPEs in block 00 to 07
[    0.666557] vgaarb: setting as boot device: PCI:0000:00:02.0
[    0.667426] vgaarb: device added: PCI:0000:00:02.0,decodes=io+mem,owns=io+mem,locks=none
[    0.668742] vgaarb: loaded
[    0.669308] vgaarb: bridge control possible 0000:00:02.0
[    0.670303] SCSI subsystem initialized
[    0.671151] ACPI: bus type USB registered
[    0.671876] usbcore: registered new interface driver usbfs
[    0.672752] usbcore: registered new interface driver hub
[    0.673599] usbcore: registered new device driver usb
[    0.674650] PCI: Using ACPI for IRQ routing
[    0.675669] NetLabel: Initializing
[    0.676345] NetLabel:  domain hash size = 128
[    0.677119] NetLabel:  protocols = UNLABELED CIPSOv4
[    0.678111] NetLabel:  unlabeled traffic allowed by default
[    0.679404] amd_nb: Cannot enumerate AMD northbridges
[    0.680488] clocksource: Switched to clocksource kvm-clock
[    0.686630] AppArmor: AppArmor Filesystem Enabled
[    0.687568] pnp: PnP ACPI init
[    0.688924] pnp: PnP ACPI: found 3 devices
[    0.697609] clocksource: acpi_pm: mask: 0xffffff max_cycles: 0xffffff, max_idle_ns: 2085701024 ns
[    0.699299] NET: Registered protocol family 2
[    0.700443] TCP established hash table entries: 65536 (order: 7, 524288 bytes)
[    0.702004] TCP bind hash table entries: 65536 (order: 8, 1048576 bytes)
[    0.703320] TCP: Hash tables configured (established 65536 bind 65536)
[    0.704743] UDP hash table entries: 4096 (order: 5, 131072 bytes)
[    0.705821] UDP-Lite hash table entries: 4096 (order: 5, 131072 bytes)
[    0.707048] NET: Registered protocol family 1
[    0.707931] pci 0000:00:00.0: Limiting direct PCI/PCI transfers
[    0.709105] pci 0000:00:01.0: Activating ISA DMA hang workarounds
[    0.710483] Unpacking initramfs...
[    0.919092] Freeing initrd memory: 14888K
[    0.919989] PCI-DMA: Using software bounce buffering for IO (SWIOTLB)
[    0.921143] software IO TLB: mapped [mem 0xdbff0000-0xdfff0000] (64MB)
[    0.922366] clocksource: tsc: mask: 0xffffffffffffffff max_cycles: 0x1e7185b7ee7, max_idle_ns: 440795263912 ns
[    0.924354] platform rtc_cmos: registered platform RTC device (no PNP device found)
[    0.925889] Scanning for low memory corruption every 60 seconds
[    0.927556] audit: initializing netlink subsys (disabled)
[    0.928563] audit: type=2000 audit(1700163195.317:1): initialized
[    0.929917] Initialise system trusted keyring
[    0.931114] HugeTLB registered 2 MB page size, pre-allocated 0 pages
[    0.933416] zbud: loaded
[    0.934451] VFS: Disk quotas dquot_6.6.0
[    0.935355] VFS: Dquot-cache hash table entries: 512 (order 0, 4096 bytes)
[    0.936782] squashfs: version 4.0 (2009/01/31) Phillip Lougher
[    0.938228] fuse init (API version 7.23)
[    0.939208] Key type big_key registered
[    0.940014] Allocating IMA MOK and blacklist keyrings.
[    0.942206] Key type asymmetric registered
[    0.943027] Asymmetric key parser 'x509' registered
[    0.944026] Block layer SCSI generic (bsg) driver version 0.4 loaded (major 249)
[    0.945590] io scheduler noop registered
[    0.946393] io scheduler deadline registered (default)
[    0.947396] io scheduler cfq registered
[    0.948269] pci_hotplug: PCI Hot Plug PCI Core version: 0.5
[    0.949381] pciehp: PCI Express Hot Plug Controller Driver version: 0.4
[    0.950660] ACPI: AC Adapter [AC] (on-line)
[    0.951547] input: Power Button as /devices/LNXSYSTM:00/LNXPWRBN:00/input/input0
[    0.953000] ACPI: Power Button [PWRF]
[    0.953817] input: Sleep Button as /devices/LNXSYSTM:00/LNXSLPBN:00/input/input1
[    0.955262] ACPI: Sleep Button [SLPF]
[    0.956248] GHES: HEST is not enabled!
[    0.956875] ACPI: Battery Slot [BAT0] (battery present)
[    0.958112] Serial: 8250/16550 driver, 32 ports, IRQ sharing enabled
[    0.979652] 00:02: ttyS0 at I/O 0x3f8 (irq = 4, base_baud = 115200) is a 16550A
[    0.983001] Linux agpgart interface v0.103
[    0.985576] loop: module loaded
[    0.986725] scsi host0: ata_piix
[    0.987562] scsi host1: ata_piix
[    0.988277] ata1: PATA max UDMA/33 cmd 0x1f0 ctl 0x3f6 bmdma 0xd000 irq 14
[    0.989481] ata2: PATA max UDMA/33 cmd 0x170 ctl 0x376 bmdma 0xd008 irq 15
[    0.990896] libphy: Fixed MDIO Bus: probed
[    0.991735] tun: Universal TUN/TAP device driver, 1.6
[    0.992704] tun: (C) 1999-2004 Max Krasnyansky <maxk@qualcomm.com>
[    0.993895] PPP generic driver version 2.4.2
[    0.994882] ehci_hcd: USB 2.0 'Enhanced' Host Controller (EHCI) Driver
[    0.996027] ehci-pci: EHCI PCI platform driver
[    0.996918] ehci-platform: EHCI generic platform driver
[    0.997889] ohci_hcd: USB 1.1 'Open' Host Controller (OHCI) Driver
[    0.998991] ohci-pci: OHCI PCI platform driver
[    0.999856] ohci-platform: OHCI generic platform driver
[    1.000831] uhci_hcd: USB Universal Host Controller Interface driver
[    1.001989] i8042: PNP: PS/2 Controller [PNP0303:PS2K,PNP0f03:PS2M] at 0x60,0x64 irq 1,12
[    1.003934] serio: i8042 KBD port at 0x60,0x64 irq 1
[    1.004730] serio: i8042 AUX port at 0x60,0x64 irq 12
[    1.005895] mousedev: PS/2 mouse device common for all mice
[    1.007233] input: AT Translated Set 2 keyboard as /devices/platform/i8042/serio0/input/input2
[    1.009116] rtc_cmos rtc_cmos: rtc core: registered rtc_cmos as rtc0
[    1.010206] rtc_cmos rtc_cmos: alarms up to one day, 114 bytes nvram
[    1.011237] i2c /dev entries driver
[    1.011940] device-mapper: uevent: version 1.0.3
[    1.012916] device-mapper: ioctl: 4.34.0-ioctl (2015-10-28) initialised: dm-devel@redhat.com
[    1.014366] ledtrig-cpu: registered to indicate activity on CPUs
[    1.015866] NET: Registered protocol family 10
[    1.016893] NET: Registered protocol family 17
[    1.017716] Key type dns_resolver registered
[    1.018984] registered taskstats version 1
[    1.019814] Loading compiled-in X.509 certificates
[    1.021264] Loaded X.509 cert 'Build time autogenerated kernel key: cf00e047681d67edb2720680708b7d9498083038'
[    1.023051] zswap: loaded using pool lzo/zbud
[    1.025773] Key type trusted registered
[    1.029847] Key type encrypted registered
[    1.030629] AppArmor: AppArmor sha1 policy hashing enabled
[    1.031544] ima: No TPM chip found, activating TPM-bypass!
[    1.032479] ima: Allocated hash algorithm: sha1
[    1.033328] evm: HMAC attrs: 0x1
[    1.034260]   Magic number: 15:279:597
[    1.035027] rtc_cmos rtc_cmos: setting system clock to 2023-11-16 19:33:10 UTC (1700163190)
[    1.036519] BIOS EDD facility v0.16 2004-Jun-25, 0 devices found
[    1.037538] EDD information not available.
[    1.168312] Freeing unused kernel memory: 1492K
[    1.169202] Write protecting the kernel read-only data: 14336k
[    1.170779] Freeing unused kernel memory: 1584K
[    1.171830] Freeing unused kernel memory: 52K
Loading, please wait...
starting version 229
[    1.184149] random: systemd-udevd: uninitialized urandom read (16 bytes read, 3 bits of entropy available)
[    1.184764] random: udevadm: uninitialized urandom read (16 bytes read, 3 bits of entropy available)
[    1.184795] random: udevadm: uninitialized urandom read (16 bytes read, 3 bits of entropy available)
[    1.189255] random: systemd-udevd: uninitialized urandom read (16 bytes read, 3 bits of entropy available)
[    1.190714] random: systemd-udevd: uninitialized urandom read (16 bytes read, 3 bits of entropy available)
[    1.192590] random: systemd-udevd: uninitialized urandom read (16 bytes read, 3 bits of entropy available)
[    1.193346] random: udevadm: uninitialized urandom read (16 bytes read, 3 bits of entropy available)
[    1.193396] random: udevadm: uninitialized urandom read (16 bytes read, 3 bits of entropy available)
[    1.193647] random: udevadm: uninitialized urandom read (16 bytes read, 3 bits of entropy available)
[    1.193714] random: udevadm: uninitialized urandom read (16 bytes read, 3 bits of entropy available)
[    1.226765] Fusion MPT base driver 3.04.20
[    1.228052] Copyright (c) 1999-2008 LSI Corporation
[    1.229279] e1000: Intel(R) PRO/1000 Network Driver - version 7.3.21-k8-NAPI
[    1.230765] e1000: Copyright (c) 1999-2006 Intel Corporation.
[    1.235779] Fusion MPT SPI Host driver 3.04.20
[    1.248919] AVX2 version of gcm_enc/dec engaged.
[    1.250096] AES CTR mode by8 optimization enabled
[    1.443321] input: ImExPS/2 Generic Explorer Mouse as /devices/platform/i8042/serio1/input/input4
[    1.569142] e1000 0000:00:03.0 eth0: (PCI:33MHz:32-bit) 02:be:82:6b:cc:1d
[    1.570487] e1000 0000:00:03.0 eth0: Intel(R) PRO/1000 Network Connection
[    2.011010] e1000 0000:00:08.0 eth1: (PCI:33MHz:32-bit) 08:00:27:b4:23:89
[    2.033390] e1000 0000:00:08.0 eth1: Intel(R) PRO/1000 Network Connection
[    2.036349] e1000 0000:00:03.0 enp0s3: renamed from eth0
[    2.037646] mptbase: ioc0: Initiating bringup
[    2.056904] e1000 0000:00:08.0 enp0s8: renamed from eth1
[    2.116296] ioc0: LSI53C1030 A0: Capabilities={Initiator}
[    2.279130] scsi host2: ioc0: LSI53C1030 A0, FwRev=00000000h, Ports=1, MaxQ=256, IRQ=20
[    2.393124] scsi 2:0:0:0: Direct-Access     VBOX     HARDDISK         1.0  PQ: 0 ANSI: 5
[    2.394705] scsi target2:0:0: Beginning Domain Validation
[    2.396360] scsi target2:0:0: Domain Validation skipping write tests
[    2.397503] scsi target2:0:0: Ending Domain Validation
[    2.398589] scsi target2:0:0: asynchronous
[    2.399948] scsi 2:0:1:0: Direct-Access     VBOX     HARDDISK         1.0  PQ: 0 ANSI: 5
[    2.401498] scsi target2:0:1: Beginning Domain Validation
[    2.403126] scsi target2:0:1: Domain Validation skipping write tests
[    2.404239] scsi target2:0:1: Ending Domain Validation
[    2.405283] scsi target2:0:1: asynchronous
[    2.410975] sd 2:0:0:0: [sda] 83886080 512-byte logical blocks: (42.9 GB/40.0 GiB)
[    2.411023] sd 2:0:0:0: Attached scsi generic sg0 type 0
[    2.413975] sd 2:0:0:0: [sda] Write Protect is off
[    2.414710] sd 2:0:1:0: [sdb] 20480 512-byte logical blocks: (10.5 MB/10.0 MiB)
[    2.414929] sd 2:0:1:0: [sdb] Write Protect is off
[    2.415061] sd 2:0:1:0: [sdb] Incomplete mode parameter data
[    2.415062] sd 2:0:1:0: [sdb] Assuming drive cache: write through
[    2.416968] sd 2:0:1:0: Attached scsi generic sg1 type 0
[    2.418426] sd 2:0:1:0: [sdb] Attached SCSI disk
[    2.421244] sd 2:0:0:0: [sda] Incomplete mode parameter data
[    2.422187] sd 2:0:0:0: [sda] Assuming drive cache: write through
[    2.423999]  sda: sda1
[    2.425038] sd 2:0:0:0: [sda] Attached SCSI disk
Begin: Loading essential drivers ... [    3.749742] md: linear personality registered for level -1
[    3.753335] md: multipath personality registered for level -4
[    3.756519] md: raid0 personality registered for level 0
[    3.761207] md: raid1 personality registered for level 1
[    3.832618] raid6: sse2x1   gen() 10428 MB/s
[    3.900606] raid6: sse2x1   xor()  7702 MB/s
[    3.971750] raid6: sse2x2   gen() 13803 MB/s
[    4.040569] raid6: sse2x2   xor()  9465 MB/s
[    4.108587] raid6: sse2x4   gen() 15146 MB/s
[    4.176555] raid6: sse2x4   xor()  9630 MB/s
[    4.244566] raid6: avx2x1   gen() 20380 MB/s
[    4.312521] raid6: avx2x2   gen() 26583 MB/s
[    4.380561] raid6: avx2x4   gen() 29172 MB/s
[    4.381255] raid6: using algorithm avx2x4 gen() 29172 MB/s
[    4.382088] raid6: using avx2x2 recovery algorithm
[    4.383742] xor: automatically using best checksumming function:
[    4.424575]    avx       : 22890.000 MB/sec
[    4.426459] async_tx: api initialized (async)
[    4.435210] md: raid6 personality registered for level 6
[    4.436225] md: raid5 personality registered for level 5
[    4.437224] md: raid4 personality registered for level 4
[    4.449466] md: raid10 personality registered for level 10
done.
Begin: Running /scripts/init-premount ... done.
Begin: Mounting root file system ... Begin: Running /scripts/local-top ... done.
Begin: Running /scripts/local-premount ... [    4.480557] Btrfs loaded
Scanning for Btrfs filesystems
done.
Warning: fsck not present, so skipping root file system
[    4.503383] EXT4-fs (sda1): mounted filesystem with ordered data mode. Opts: (null)
done.
Begin: Running /scripts/local-bottom ... done.
Begin: Running /scripts/init-bottom ... done.
[    4.576336] systemd[1]: systemd 229 running in system mode. (+PAM +AUDIT +SELINUX +IMA +APPARMOR +SMACK +SYSVINIT +UTMP +LIBCRYPTSETUP +GCRYPT +GNUTLS +ACL +XZ -LZ4 +SECCOMP +BLKID +ELFUTILS +KMOD -IDN)
[    4.578976] systemd[1]: Detected virtualization oracle.
[    4.579786] systemd[1]: Detected architecture x86-64.

Welcome to [1mUbuntu 16.04.7 LTS[0m!

[    4.582487] systemd[1]: Set hostname to <ubuntu>.
[    4.584312] systemd[1]: Initializing machine ID from random generator.
[    4.585339] systemd[1]: Installed transient /etc/machine-id file.
[    4.691855] systemd[1]: Listening on LVM2 poll daemon socket.
[[0;32m  OK  [0m] Listening on LVM2 poll daemon socket.
[    4.694168] systemd[1]: Created slice User and Session Slice.
[[0;32m  OK  [0m] Created slice User and Session Slice.
[    4.695991] systemd[1]: Reached target User and Group Name Lookups.
[[0;32m  OK  [0m] Reached target User and Group Name Lookups.
[    4.697939] systemd[1]: Listening on LVM2 metadata daemon socket.
[[0;32m  OK  [0m] Listening on LVM2 metadata daemon socket.
[    4.699870] systemd[1]: Reached target Swap.
[[0;32m  OK  [0m] Reached target Swap.
[    4.701469] systemd[1]: Reached target Encrypted Volumes.
[[0;32m  OK  [0m] Reached target Encrypted Volumes.
[    4.703361] systemd[1]: Started Forward Password Requests to Wall Directory Watch.
[[0;32m  OK  [0m] Started Forward Password Requests to Wall Directory Watch.
[    4.706128] systemd[1]: Listening on udev Control Socket.
[[0;32m  OK  [0m] Listening on udev Control Socket.
[    4.708087] systemd[1]: Listening on Device-mapper event daemon FIFOs.
[[0;32m  OK  [0m] Listening on Device-mapper event daemon FIFOs.
[    4.710550] systemd[1]: Created slice System Slice.
[[0;32m  OK  [0m] Created slice System Slice.
[    4.712391] systemd[1]: Listening on fsck to fsckd communication Socket.
[[0;32m  OK  [0m] Listening on fsck to fsckd communication Socket.
[    4.714890] systemd[1]: Created slice system-serial\x2dgetty.slice.
[[0;32m  OK  [0m] Created slice system-serial\x2dgetty.slice.
[    4.720673] systemd[1]: Reached target Slices.
[[0;32m  OK  [0m] Reached target Slices.
[    4.722382] systemd[1]: Reached target System Time Synchronized.
[[0;32m  OK  [0m] Reached target System Time Synchronized.
[    4.724443] systemd[1]: Started Trigger resolvconf update for networkd DNS.
[[0;32m  OK  [0m] Started Trigger resolvconf update for networkd DNS.
[    4.727112] systemd[1]: Listening on Syslog Socket.
[[0;32m  OK  [0m] Listening on Syslog Socket.
[    4.728873] systemd[1]: Listening on /dev/initctl Compatibility Named Pipe.
[[0;32m  OK  [0m] Listening on /dev/initctl Compatibility Named Pipe.
[    4.731226] systemd[1]: Listening on Journal Audit Socket.
[[0;32m  OK  [0m] Listening on Journal Audit Socket.
[    4.740867] systemd[1]: Set up automount Arbitrary Executable File Formats File System Automount Point.
[[0;32m  OK  [0m] Set up automount Arbitrary Executab...ats File System Automount Point.
[    4.743782] systemd[1]: Listening on Journal Socket (/dev/log).
[[0;32m  OK  [0m] Listening on Journal Socket (/dev/log).
[    4.745506] systemd[1]: Listening on Journal Socket.
[[0;32m  OK  [0m] Listening on Journal Socket.
[    4.756695] systemd[1]: Starting Uncomplicated firewall...
         Starting Uncomplicated firewall...
[    4.760061] systemd[1]: Starting Load Kernel Modules...
         Starting Load Kernel Modules...
[    4.762462] systemd[1]: Mounting Debug File System...
         Mounting Debug File System...
[    4.767718] Loading iSCSI transport class v2.0-870.
[    4.769373] systemd[1]: Starting Set console keymap...
         Starting Set console keymap...
[    4.771394] systemd[1]: Starting Create list of required static device nodes for the current kernel...
         Starting Create list of required st... nodes for the current kernel...
[    4.774861] systemd[1]: Mounting Huge Pages File System...
         Mounting Huge Pages File System...
[    4.777314] systemd[1]: Starting Monitoring of LVM2 mirrors, snapshots etc. using dmeventd or progress polling...
         Starting Monitoring of LVM2 mirrors... dmeventd or progress polling...
[    4.781328] systemd[1]: Starting Journal Service...
         Starting Journal Service...
[    4.783354] iscsi: registered transport (tcp)
[    4.784937] systemd[1]: Starting Nameserver information manager...
         Starting Nameserver information manager...
[    4.787512] systemd[1]: Starting File System Check on Root Device...
         Starting File System Check on Root Device...
[    4.791878] systemd[1]: Mounting POSIX Message Queue File System...
         Mounting POSIX Message Queue File System...
[    4.794347] systemd[1]: Listening on udev Kernel Socket.
[[0;32m  OK  [0m] Listening on udev Kernel Socket.
[    4.798459] systemd[1]: Mounted Huge Pages File System.
[[0;32m  OK  [0m] Mounted Huge Pages File System.
[    4.808699] systemd[1]: Mounted POSIX Message Queue File System.
[[0;32m  OK  [0m] Mounted POSIX Message Queue File System.
[    4.810589] systemd[1]: Mounted Debug File System.
[[0;32m  OK  [[    4.811771] systemd[1]: Started Journal Service.
0m] Mounted Debug File System.
[[0;32m  OK  [0m] Started Journal Service.
[[0;32m  OK  [0m] Started Uncomplicated firewall.
[[0;32m  OK  [0m] Started Set console keymap.
[[0;32m  OK  [0m] Started Create list of required sta...ce nodes for the current kernel.
[    4.823451] iscsi: registered transport (iser)
[[0;32m  OK  [0m] Started Load Kernel Modules.
[[0;32m  OK  [0m] Started File System Check on Root Device.
[[0;32m  OK  [0m] Started Nameserver information manager.
[[0;32m  OK  [0m] Started LVM2 metadata daemon.
[[0;32m  OK  [0m] Started File System Check Daemon to report status.
         Starting Remount Root and Kernel File Systems...
         Mounting FUSE Control File System...
         Starting Apply Kernel Variables...
[    4.852837] EXT4-fs (sda1): re-mounted. Opts: (null)
         Starting Create Static Device Nodes in /dev...
[[0;32m  OK  [0m] Mounted FUSE Control File System.
[[0;32m  OK  [0m] Started Remount Root and Kernel File Systems.
[[0;32m  OK  [0m] Started Apply Kernel Variables.
[[0;32m  OK  [0m] Started Create Static Device Nodes in /dev.
         Starting udev Kernel Device Manager...
         Starting Flush Journal to Persistent Storage...
         Starting Load/Save Random Seed...
         Starting udev Coldplug all Devices...
[[0;32m  OK  [0m] Started udev Kernel Device Manager.
[[0;32m  OK  [0m] Started Load/Save Random Seed.
[[0;32m  OK  [0m] Started Flush Journal to Persistent Storage.
[[0;32m  OK  [0m] Started udev Coldplug all Devices.
[[0;32m  OK  [0m] Started Dispatch Password Requests to Console Directory Watch.
[[0;32m  OK  [0m] Found device /dev/ttyS0.
[[0;32m  OK  [0m] Listening on Load/Save RF Kill Switch Status /dev/rfkill Watch.
[[0;32m  OK  [0m] Started Monitoring of LVM2 mirrors,...ng dmeventd or progress polling.
[[0;32m  OK  [0m] Reached target Local File Systems (Pre).
[[0;32m  OK  [0m] Reached target Local File Systems.
         Starting Commit a transient machine-id on disk...
         Starting Set console font and keymap...
         Starting LSB: AppArmor initialization...
         Starting Initial cloud-init job (pre-networking)...
         Starting Tell Plymouth To Write Out Runtime Data...
         Starting Create Volatile Files and Directories...
[[0;32m  OK  [0m] Started Tell Plymouth To Write Out Runtime Data.
[[0;32m  OK  [0m] Started Create Volatile Files and Directories.
         Starting Update UTMP about System Boot/Shutdown...
[[0;32m  OK  [0m] Started Update UTMP about System Boot/Shutdown.
[[0;32m  OK  [0m] Started Commit a transient machine-id on disk.
[[0;32m  OK  [0m] Started Set console font and keymap.
[[0;32m  OK  [0m] Created slice system-getty.slice.
[[0;32m  OK  [0m] Started LSB: AppArmor initialization.
         Starting Load AppArmor profiles managed internally by snapd...
[[0;32m  OK  [0m] Started Load AppArmor profiles managed internally by snapd.
[    5.985381] cloud-init[671]: Cloud-init v. 21.1-19-gbad84ad4-0ubuntu1~16.04.2 running 'init-local' at Thu, 16 Nov 2023 19:33:15 +0000. Up 5.75 seconds.
[[0;32m  OK  [0m] Started Initial cloud-init job (pre-networking).
[[0;32m  OK  [0m] Reached target Network (Pre).
         Starting Raise network interfaces...
[[0;32m  OK  [0m] Started Raise network interfaces.
[[0;32m  OK  [0m] Reached target Network.
         Starting Initial cloud-init job (metadata service crawler)...
[    7.202360] cloud-init[984]: Cloud-init v. 21.1-19-gbad84ad4-0ubuntu1~16.04.2 running 'init' at Thu, 16 Nov 2023 19:33:16 +0000. Up 6.44 seconds.
[    7.203835] cloud-init[984]: ci-info: ++++++++++++++++++++++++++++++++++++++Net device info+++++++++++++++++++++++++++++++++++++++
[    7.205250] cloud-init[984]: ci-info: +--------+-------+----------------------------+---------------+--------+-------------------+
[    7.206574] cloud-init[984]: ci-info: | Device |   Up  |          Address           |      Mask     | Scope  |     Hw-Address    |
[    7.208030] cloud-init[984]: ci-info: +--------+-------+----------------------------+---------------+--------+-------------------+
[    7.209480] cloud-init[984]: ci-info: | enp0s3 |  True |         10.0.2.15          | 255.255.255.0 | global | 02:be:82:6b:cc:1d |
[    7.211000] cloud-init[984]: ci-info: | enp0s3 |  True | fe80::be:82ff:fe6b:cc1d/64 |       .       |  link  | 02:be:82:6b:cc:1d |
[    7.212456] cloud-init[984]: ci-info: | enp0s8 | False |             .              |       .       |   .    | 08:00:27:b4:23:89 |
[    7.213693] cloud-init[984]: ci-info: |   lo   |  True |         127.0.0.1          |   255.0.0.0   |  host  |         .         |
[    7.215149] cloud-init[984]: ci-info: |   lo   |  True |          ::1/128           |       .       |  host  |         .         |
[    7.216548] cloud-init[984]: ci-info: +--------+-------+----------------------------+---------------+--------+-------------------+
[    7.217792] cloud-init[984]: ci-info: +++++++++++++++++++++++++++Route IPv4 info++++++++++++++++++++++++++++
[    7.219049] cloud-init[984]: ci-info: +-------+-------------+----------+---------------+-----------+-------+
[    7.220270] cloud-init[984]: ci-info: | Route | Destination | Gateway  |    Genmask    | Interface | Flags |
[    7.221512] cloud-init[984]: ci-info: +-------+-------------+----------+---------------+-----------+-------+
[    7.222717] cloud-init[984]: ci-info: |   0   |   0.0.0.0   | 10.0.2.2 |    0.0.0.0    |   enp0s3  |   UG  |
[    7.223613] cloud-init[984]: ci-info: |   1   |   10.0.2.0  | 0.0.0.0  | 255.255.255.0 |   enp0s3  |   U   |
[    7.224488] cloud-init[984]: ci-info: +-------+-------------+----------+---------------+-----------+-------+
[    7.225365] cloud-init[984]: ci-info: +++++++++++++++++++Route IPv6 info+++++++++++++++++++
[    7.226207] cloud-init[984]: ci-info: +-------+-------------+---------+-----------+-------+
[    7.227075] cloud-init[984]: ci-info: | Route | Destination | Gateway | Interface | Flags |
[    7.227829] cloud-init[984]: ci-info: +-------+-------------+---------+-----------+-------+
[    7.228590] cloud-init[984]: ci-info: |   0   |  fe80::/64  |    ::   |   enp0s3  |   U   |
[    7.229425] cloud-init[984]: ci-info: |   3   |   ff00::/8  |    ::   |   enp0s3  |   U   |
[    7.230175] cloud-init[984]: ci-info: +-------+-------------+---------+-----------+-------+
[    7.231019] cloud-init[984]: Generating public/private rsa key pair.
[    7.231716] cloud-init[984]: Your identification has been saved in /etc/ssh/ssh_host_rsa_key.
[    7.232475] cloud-init[984]: Your public key has been saved in /etc/ssh/ssh_host_rsa_key.pub.
[    7.233231] cloud-init[984]: The key fingerprint is:
[    7.237102] cloud-init[984]: SHA256:zjLYKyur85+rENSODATfCqdKdSpNOfHx1XqtzcKXows root@ubuntu-xenial
[    7.237958] cloud-init[984]: The key's randomart image is:
[    7.258255] [cloud-init[0;32m  OK  [0m[984]: ] +---[RSA 2048]----+Started Initial cloud-init job (metadata service crawler).

[[0;32m  OK  [0m] Reached target Network is Online.
[    7.258380] cloud-init[984]: |o. . .   ..      |
[    7.260661] cloud-init[984]: |....+ o .  .     |
[    7.261108] cloud-init[984]: |o.o*.o .  . .    |
[    7.261613] cloud-init[984]: |++*.+    . . .   |
[    7.626476] cloud-init[984]: |o=.+    S o + .  |
[    7.764749] cloud-init[984]: |o..  o o   + *   |
[    7.765320] cloud-init[984]: |o   . + oE  + .  |
[    7.780120]          cloud-initStarting iSCSI initiator daemon (iscsid)...[984]: 
|... .. +  ..     |
[    7.780931] [cloud-init[0;32m  OK  [0m[984]: ] |.++==+.    ..    |Reached target Cloud-config availability.

[[    7.781077] [0;32m  OK  [0mcloud-init] [984]: Reached target System Initialization.+----[SHA256]-----+

[    7.783241] [cloud-init[0;32m  OK  [0m[984]: ] Generating public/private dsa key pair.Started Daily Cleanup of Temporary Directories.

[    7.783563] [cloud-init[0;32m  OK  [0m[984]: ] Your identification has been saved in /etc/ssh/ssh_host_dsa_key.Started Daily apt download activities.

[    7.784850] cloud-init[984]: Your public key has been saved in /etc/ssh/ssh_host_dsa_key.pub.
[    7.787227]          cloud-initStarting Socket activation for snappy daemon.[984]: 
The key fingerprint is:
[    7.788378]          cloud-initStarting LXD - unix socket.[984]: 
SHA256:7lKBARdzBoBUnKXtdgCZ5lOniESAOCuuq5DHV7NpiYU root@ubuntu-xenial
[    7.789769] [cloud-init[0;32m  OK  [0m[984]: ] The key's randomart image is:Started Daily apt upgrade and clean activities.

[    7.790070] [cloud-init[0;32m  OK  [0m[984]: ] +---[DSA 1024]----+Started Message of the Day.

[    7.792221] [cloud-init[0;32m  OK  [0m[984]: ] |++o+=B*oo        |Listening on ACPID Listen Socket.

[    7.792398] [cloud-init[0;32m  OK  [0m[984]: ] |+ o *=o+.        |Started Ubuntu Advantage update messaging.

[    7.793520] cloud-init[984]: | + +.oo=         |
[    7.795062] cloud-init[984]: |o . +oo..        |
[[0;32m  OK  [0m] Started ACPI Events Check.
[[    7.795231] [0;32m  OK  [0mcloud-init] [984]: Reached target Paths.|o   E.* S.       |

[    7.797145] [cloud-init[0;32m  OK  [0m[984]: ] | +   = B.        |Reached target Timers.

[    7.797288] [cloud-init[0;32m  OK  [0m[984]: ] |+ o o =..        |Listening on UUID daemon activation socket.

[    7.798304] cloud-init[984]: |o. . ...         |
[[0;32m  OK  [0m] [    7.798544] Listening on D-Bus System Message Bus Socket.cloud-init
[984]: |+.     ..        |
[[0;32m  OK  [0m] Listening on Socket activation for snappy daemon.
[    7.800804] cloud-init[984]: +----[SHA256]-----+
[[0;32m  OK  [0m] Listening on LXD - unix socket.[    7.801191] 
cloud-init[984]: Generating public/private ecdsa key pair.
[    7.803157] [cloud-init[0;32m  OK  [0m[984]: ] Your identification has been saved in /etc/ssh/ssh_host_ecdsa_key.Reached target Sockets.

[    7.803445] [cloud-init[0;32m  OK  [0m[984]: ] Your public key has been saved in /etc/ssh/ssh_host_ecdsa_key.pub.Reached target Basic System.

[    7.804710] cloud-init[984]: The key fingerprint is:
[    7.806812]          cloud-initStarting LXD - container startup/shutdown...[984]: 
SHA256:BfSW1pHiGTaXdvfKASsp2NdFVmNtR2PvQs2HI6R6N1g root@ubuntu-xenial
[    7.808210] [cloud-init[0;32m  OK  [0m[984]: ] The key's randomart image is:Started Regular background program processing daemon.

[    7.808406] cloud-init[984]: +---[ECDSA 256]---+
[    7.810274] cloud-init[984]:          |       .o   o+oB+|Starting Virtualbox guest utils...

[    7.810425] cloud-init[984]: |         o==*o=+O|
[    7.811976] cloud-init[984]: |       o oBXE=+oB|
[    7.812788] [cloud-init[0;32m  OK  [0m[984]: ] |      . o=*ooo.oo|Started Deferred execution scheduler.

[    7.813083] cloud-init[984]: |        Soo.o..o.|
[    7.814610] [cloud-init[0;32m  OK  [0m[984]: ] |         . . .o. |Started D-Bus System Message Bus.

[    7.814878] cloud-init[984]: |                 |
[    7.816467] cloud-init[984]: |                 |
[    7.817287] cloud-init[984]: |                 |
[    7.818034] cloud-init[984]: +----[SHA256]-----+
[    7.818589] cloud-init[984]: Generating public/private ed25519 key pair.
[    7.819228] cloud-init[984]: Your identification has been saved in /etc/ssh/ssh_host_ed25519_key.
[    7.820088] cloud-init[984]: Your public key has been saved in /etc/ssh/ssh_host_ed25519_key.pub.
[    7.820884] cloud-init[984]: The key fingerprint is:
[    7.821444] cloud-init[984]: SHA256:E6cZ8QSa3u/lOq9lSAUGkpXeniMbxFxnvD0neFjAVyQ root@ubuntu-xenial
[    7.822210] cloud-init[984]: The key's randomart image is:
[    7.822785] cloud-init[984]: +--[ED25519 256]--+
[    7.823372] cloud-init[984]: |      .o=++o..Eoo|
[    7.824005] cloud-init[984]: |      .+.=..= o. |
[    7.824924] cloud-init[984]: |      o+oooo.B   |
[    7.825473] cloud-init[984]: |     . .=*..+ = .|
[    7.834530] cloud-init[984]: |      ..S... . + |
[    7.835183]          cloud-initStarting LSB: MD monitoring daemon...[984]: 
|        o++.     |
[    7.836702]          cloud-initStarting System Logging Service...
[984]: |         +o.+    |
[    7.837843]          cloud-initStarting Accounts Service...[984]: 
|        ...=     |
[    7.839398] cloud-init[984]: |          +=o    |[
[0;32m  OK  [0m] Started FUSE filesystem for LXC.
[    7.839615] cloud-init[984]: +----[SHA256]-----+
         Starting /etc/rc.local Compatibility...
         Starting Pollinate to seed the pseudo random number generator...
         Starting LSB: Record successful boot for GRUB...
[[0;32m  OK  [0m] Started ACPI event daemon.
         Starting Login Service...
         Starting Snap Daemon...
[[0;32m  OK  [0m] Started iSCSI initiator daemon (iscsid).
[[0;32m  OK  [0m] Started /etc/rc.local Compatibility.
[[0;32m  OK  [0m] Started System Logging Service.
         Starting Login to default iSCSI targets...
[[0;32m  OK  [0m] Started Login Service.
[[0;32m  OK  [0m] Started Unattended Upgrades Shutdown.
[[0;32m  OK  [0m] Started LSB: Record successful boot for GRUB.
         Starting Authenticate and Authorize Users to Run Privileged Tasks...
[[0;32m  OK  [0m] Started Login to default iSCSI targets.
[[0;32m  OK  [0m] Started LSB: MD monitoring daemon.
[[0;32m  OK  [0m] Reached target Remote File Systems (Pre).
[[0;32m  OK  [0m] Reached target Remote File Systems.
         Starting LSB: automatic crash report generation...
         Starting LSB: daemon to balance interrupts for SMP systems...
         Starting Permit User Sessions...
         Starting LSB: Set the CPU Frequency Scaling governor to "ondemand"...
[[0;32m  OK  [0m] Started Permit User Sessions.
         Starting Terminate Plymouth Boot Screen...
         Starting Hold until boot process finishes up...
[[0;32m  OK  [0m] Started Hold until boot process finishes up.
[[0;32m  OK  [0m] Started Serial Getty on ttyS0.
         Starting Set console scheme...
[[0;32m  OK  [0m] Started Getty on tty1.
[[0;32m  OK  [0m] Reached target Login Prompts.
[[0;32m  OK  [0m] Started LXD - container startup/shutdown.
[[0;32m  OK  [0m] Started LSB: Set the CPU Frequency Scaling governor to "ondemand".
[[0;32m  OK  [0m] Started Terminate Plymouth Boot Screen.
[[0;32m  OK  [0m] Started LSB: automatic crash report generation.
[[0;32m  OK  [0m] Started Set console scheme.
[[0;32m  OK  [0m] Started LSB: daemon to balance interrupts for SMP systems.
[[0;32m  OK  [0m] Started Authenticate and Authorize Users to Run Privileged Tasks.
[[0;32m  OK  [0m] Started Accounts Service.
[[0;32m  OK  [0m] Started Virtualbox guest utils.
[[0;32m  OK  [0m] Started Snap Daemon.
         Starting Wait until snapd is fully seeded...
[[0;32m  OK  [0m] Started Pollinate to seed the pseudo random number generator.
         Starting OpenBSD Secure Shell server...
[[0;32m  OK  [0m] Started OpenBSD Secure Shell server.
[[0;32m  OK  [0m] Created slice User Slice of vagrant.
         Starting User Manager for UID 1000...
[[0;32m  OK  [0m] Started Session 1 of user vagrant.
[[0;32m  OK  [0m] Started User Manager for UID 1000.

Ubuntu 16.04.7 LTS ubuntu-xenial ttyS0

ubuntu-xenial login: [   14.060447] cloud-init[1439]: Generating locales (this might take a while)...
[   14.611354] cloud-init[1439]:   en_US.UTF-8... done
[   14.611574] cloud-init[1439]: Generation complete.
[   14.852615] cloud-init[1439]: Cloud-init v. 21.1-19-gbad84ad4-0ubuntu1~16.04.2 running 'modules:config' at Thu, 16 Nov 2023 19:33:23 +0000. Up 13.98 seconds.
ci-info: no authorized SSH keys fingerprints found for user ubuntu.
<14>Nov 16 19:33:24 ec2: 
<14>Nov 16 19:33:24 ec2: #############################################################
<14>Nov 16 19:33:24 ec2: -----BEGIN SSH HOST KEY FINGERPRINTS-----
<14>Nov 16 19:33:24 ec2: 1024 SHA256:7lKBARdzBoBUnKXtdgCZ5lOniESAOCuuq5DHV7NpiYU root@ubuntu-xenial (DSA)
<14>Nov 16 19:33:24 ec2: 256 SHA256:BfSW1pHiGTaXdvfKASsp2NdFVmNtR2PvQs2HI6R6N1g root@ubuntu-xenial (ECDSA)
<14>Nov 16 19:33:24 ec2: 256 SHA256:E6cZ8QSa3u/lOq9lSAUGkpXeniMbxFxnvD0neFjAVyQ root@ubuntu-xenial (ED25519)
<14>Nov 16 19:33:24 ec2: 2048 SHA256:zjLYKyur85+rENSODATfCqdKdSpNOfHx1XqtzcKXows root@ubuntu-xenial (RSA)
<14>Nov 16 19:33:24 ec2: -----END SSH HOST KEY FINGERPRINTS-----
<14>Nov 16 19:33:24 ec2: #############################################################
-----BEGIN SSH HOST KEY KEYS-----
ecdsa-sha2-nistp256 AAAAE2VjZHNhLXNoYTItbmlzdHAyNTYAAAAIbmlzdHAyNTYAAABBBBvI9TCiEbdGu4jg7x6bf/K13sbhSsRg+v3yW6FZO8IF565H4BBfvJPaXzjfVTk40xkgZ+kA6S8c/ALjaIA18Pg= root@ubuntu-xenial
ssh-ed25519 AAAAC3NzaC1lZDI1NTE5AAAAIL+LsaD/cW/7ttowNjmh2CdmtaqLEHd7cykPK8u4yzFx root@ubuntu-xenial
ssh-rsa AAAAB3NzaC1yc2EAAAADAQABAAABAQC6QEshpHyAeIb6FTktMhzxtk3h0s2Se9tP1krckTtvnMiKdeTXi2Il2VSBG99LkUlEO8Levm0mgiAu7m4+TvkxhVv5Srql+4Z35ZXKo79C9u+bPTKQmaWD/M5omo430pePzt4yZor4xFsndDJSjT/lybTf3KeEGLqhLINXqpd6c+iXMt5zfdBgA7rCK51x5y8OTWgv7b6TEyvN0WQKrq5b9clF3mp8wa7ODd7FMbQpfcJjTp4wA8sCIWiREqfnviD8CsRDKOlKlWgJ70FR208lTNhloAUf+sm+Z52TW7YX009N612hPajFzNNeRo2gHvgLDDZdaCefWDlYu5TfVLdD root@ubuntu-xenial
-----END SSH HOST KEY KEYS-----
[   15.257934] cloud-init[1544]: Cloud-init v. 21.1-19-gbad84ad4-0ubuntu1~16.04.2 running 'modules:final' at Thu, 16 Nov 2023 19:33:24 +0000. Up 15.13 seconds.
[   15.258172] cloud-init[1544]: ci-info: no authorized SSH keys fingerprints found for user ubuntu.
[   15.258556] cloud-init[1544]: Cloud-init v. 21.1-19-gbad84ad4-0ubuntu1~16.04.2 finished at Thu, 16 Nov 2023 19:33:24 +0000. Datasource DataSourceNoCloud [seed=/dev/sdb][dsmode=net].  Up 15.25 seconds
